May 11 06:03:37 pop-os systemd[1]: rsyslog.service: Sent signal SIGHUP to main process 600 (rsyslogd) on client request.
May 11 06:03:37 pop-os systemd[1]: Finished Network Manager Wait Online.
May 11 06:03:37 pop-os systemd[1]: Reached target Network is Online.
May 11 06:03:37 pop-os systemd[1]: Starting Distribution updater...
May 11 06:03:37 pop-os systemd[1]: Started Make remote CUPS printers available locally.
May 11 06:03:37 pop-os systemd[1]: Started crash report submission.
May 11 06:03:37 pop-os systemd[1]: logrotate.service: Deactivated successfully.
May 11 06:03:37 pop-os systemd[1]: Finished Rotate log files.
May 11 06:03:37 pop-os kernel: [    5.437538] audit: type=1400 audit(1652229217.288:29): apparmor="DENIED" operation="capable" profile="/usr/sbin/cups-browsed" pid=751 comm="cups-browsed" capability=23  capname="sys_nice"
May 11 06:03:37 pop-os networkd-dispatcher[596]: No valid path found for iw
May 11 06:03:37 pop-os whoopsie[753]: [06:03:37] Using lock path: /var/lock/whoopsie/lock
May 11 06:03:37 pop-os nm-dispatcher[763]: /etc/network/if-up.d/resolved: 12: mystatedir: not found
May 11 06:03:37 pop-os systemd[1]: whoopsie.service: Deactivated successfully.
May 11 06:03:37 pop-os pop-system-updater[750]: #033[32m INFO#033[0m #033[2mpop_system_updater::service::system#033[0m#033[2m:#033[0m initiating system service

May 11 06:03:37 pop-os systemd[823]: Reached target Timers.
May 11 06:03:37 pop-os systemd[823]: Starting D-Bus User Message Bus Socket...
May 11 06:03:37 pop-os systemd[823]: Listening on GnuPG network certificate management daemon.
May 11 06:03:37 pop-os systemd[823]: Listening on GnuPG cryptographic agent and passphrase cache (access for web browsers).
May 11 06:03:37 pop-os systemd[823]: Listening on GnuPG cryptographic agent and passphrase cache (restricted).
May 11 06:03:37 pop-os systemd[823]: Listening on GnuPG cryptographic agent (ssh-agent emulation).
May 11 06:03:37 pop-os systemd[823]: Listening on GnuPG cryptographic agent and passphrase cache.
May 11 06:03:37 pop-os systemd[823]: Listening on PipeWire PulseAudio.
May 11 06:03:37 pop-os systemd[823]: Listening on PipeWire Multimedia System Socket.
May 11 06:03:37 pop-os systemd[823]: Listening on debconf communication socket.
May 11 06:03:37 pop-os systemd[823]: Listening on D-Bus User Message Bus Socket.
May 11 06:03:37 pop-os systemd[823]: Reached target Sockets.
May 11 06:03:37 pop-os systemd[823]: Reached target Basic System.
May 11 06:03:37 pop-os systemd[1]: Started User Manager for UID 111.
May 11 06:03:37 pop-os systemd[823]: Started Check for firmware updates, and display a notification if found.
May 11 06:03:37 pop-os systemd[1]: Started Session c1 of User gdm.
May 11 06:03:37 pop-os systemd[823]: Starting Local session service for the Pop System Updater...
May 11 06:03:37 pop-os systemd[823]: Started PipeWire Multimedia Service.
May 11 06:03:37 pop-os systemd[823]: Starting Check for a new OS release, and display a notification if found...
May 11 06:03:37 pop-os systemd[823]: Starting Tracker metadata extractor...
May 11 06:03:37 pop-os systemd[823]: Started Multimedia Service Session Manager.
May 11 06:03:37 pop-os systemd[823]: Started PipeWire PulseAudio.
May 11 06:03:37 pop-os systemd[823]: Started Local session service for the Pop System Updater.
May 11 06:03:37 pop-os dbus-daemon[589]: [system] Activating via systemd: service name='org.freedesktop.RealtimeKit1' unit='rtkit-daemon.service' requested by ':1.29' (uid=111 pid=840 comm="/usr/bin/pipewire-pulse ")
May 11 06:03:37 pop-os systemd[1]: Starting RealtimeKit Scheduling Policy Service...
May 11 06:03:37 pop-os /usr/libexec/gdm-x-session[842]: (--) Log file renamed from "/var/lib/gdm3/.local/share/xorg/Xorg.pid-842.log" to "/var/lib/gdm3/.local/share/xorg/Xorg.0.log"
May 11 06:03:37 pop-os dbus-daemon[589]: [system] Successfully activated service 'org.freedesktop.RealtimeKit1'
May 11 06:03:37 pop-os systemd[1]: Started RealtimeKit Scheduling Policy Service.
May 11 06:03:37 pop-os rtkit-daemon[843]: Successfully called chroot.
May 11 06:03:37 pop-os rtkit-daemon[843]: Successfully dropped privileges.
May 11 06:03:37 pop-os rtkit-daemon[843]: Successfully limited resources.
May 11 06:03:37 pop-os rtkit-daemon[843]: Running.
May 11 06:03:37 pop-os rtkit-daemon[843]: Canary thread running.
May 11 06:03:37 pop-os rtkit-daemon[843]: Watchdog thread running.
May 11 06:03:37 pop-os /usr/libexec/gdm-x-session[842]: X.Org X Server 1.20.14
May 11 06:03:37 pop-os /usr/libexec/gdm-x-session[842]: X Protocol Version 11, Revision 0
May 11 06:03:37 pop-os /usr/libexec/gdm-x-session[842]: Build Operating System: linux Ubuntu
May 11 06:03:37 pop-os /usr/libexec/gdm-x-session[842]: Current Operating System: Linux pop-os 5.16.15-76051615-generic #202203161444~1647964027~22.04~e706226 SMP PREEMPT Tue Mar 22 17 x86_64
May 11 06:03:37 pop-os /usr/libexec/gdm-x-session[842]: Kernel command line: BOOT_IMAGE=/boot/vmlinuz-5.16.15-76051615-generic root=UUID=39711004-018a-41b0-b65c-7bb75067c31d ro quiet splash vt.handoff=7
May 11 06:03:37 pop-os /usr/libexec/gdm-x-session[842]: Build Date: 11 January 2022  02:51:48PM
May 11 06:03:37 pop-os /usr/libexec/gdm-x-session[842]: xorg-server 2:1.20.14-1ubuntu1 (For technical support please see http://www.ubuntu.com/support)
May 11 06:03:37 pop-os /usr/libexec/gdm-x-session[842]: Current version of pixman: 0.40.0
May 11 06:03:37 pop-os /usr/libexec/gdm-x-session[842]: #011Before reporting problems, check http://wiki.x.org
May 11 06:03:37 pop-os /usr/libexec/gdm-x-session[842]: #011to make sure that you have the latest version.
May 11 06:03:37 pop-os /usr/libexec/gdm-x-session[842]: Markers: (--) probed, (**) from config file, (==) default setting,
May 11 06:03:37 pop-os /usr/libexec/gdm-x-session[842]: #011(++) from command line, (!!) notice, (II) informational,
May 11 06:03:37 pop-os /usr/libexec/gdm-x-session[842]: #011(WW) warning, (EE) error, (NI) not implemented, (??) unknown.
May 11 06:03:37 pop-os /usr/libexec/gdm-x-session[842]: (==) Log file: "/var/lib/gdm3/.local/share/xorg/Xorg.0.log", Time: Wed May 11 06:03:37 2022
May 11 06:03:37 pop-os /usr/libexec/gdm-x-session[842]: (==) Using system config directory "/usr/share/X11/xorg.conf.d"
May 11 06:03:37 pop-os /usr/libexec/gdm-x-session[842]: (==) No Layout section.  Using the first Screen section.

May 11 06:03:37 pop-os /usr/libexec/gdm-x-session[842]: #011X.Org Server Extension : 10.0
May 11 06:03:37 pop-os /usr/libexec/gdm-x-session[842]: (++) using VT number 1
May 11 06:03:37 pop-os /usr/libexec/gdm-x-session[842]: (II) systemd-logind: took control of session /org/freedesktop/login1/session/c1
May 11 06:03:37 pop-os /usr/libexec/gdm-x-session[842]: (II) xfree86: Adding drm device (/dev/dri/card0)
May 11 06:03:37 pop-os /usr/libexec/gdm-x-session[842]: (II) systemd-logind: got fd for /dev/dri/card0 226:0 fd 14 paused 0
May 11 06:03:37 pop-os systemd[823]: Started D-Bus User Message Bus.
May 11 06:03:37 pop-os /usr/libexec/gdm-x-session[842]: (--) PCI:*(0@0:1:0) 1b36:0100:1af4:1100 rev 5, Mem @ 0xf0000000/67108864, 0xf4000000/67108864, 0xf9c14000/8192, I/O @ 0x0000c040/32, BIOS @ 0x????????/131072
May 11 06:03:37 pop-os /usr/libexec/gdm-x-session[842]: (II) LoadModule: "glx"
May 11 06:03:37 pop-os /usr/libexec/gdm-x-session[842]: (II) Loading /usr/lib/xorg/modules/extensions/libglx.so
May 11 06:03:37 pop-os /usr/libexec/gdm-x-session[842]: (II) Module glx: vendor="X.Org Foundation"
May 11 06:03:37 pop-os /usr/libexec/gdm-x-session[842]: #011compiled for 1.20.14, module version = 1.0.0
May 11 06:03:37 pop-os /usr/libexec/gdm-x-session[842]: #011ABI class: X.Org Server Extension, version 10.0
May 11 06:03:37 pop-os /usr/libexec/gdm-x-session[842]: (==) Matched qxl as autoconfigured driver 0
May 11 06:03:37 pop-os /usr/libexec/gdm-x-session[842]: (==) Matched modesetting as autoconfigured driver 1
May 11 06:03:37 pop-os /usr/libexec/gdm-x-session[842]: (==) Matched fbdev as autoconfigured driver 2
May 11 06:03:37 pop-os /usr/libexec/gdm-x-session[842]: (==) Matched vesa as autoconfigured driver 3
May 11 06:03:37 pop-os /usr/libexec/gdm-x-session[842]: (==) Assigned the driver to the xf86ConfigLayout
May 11 06:03:37 pop-os /usr/libexec/gdm-x-session[842]: (II) LoadModule: "qxl"
May 11 06:03:37 pop-os /usr/libexec/gdm-x-session[842]: (II) Loading /usr/lib/xorg/modules/drivers/qxl_drv.so
May 11 06:03:37 pop-os /usr/libexec/gdm-x-session[842]: (II) Module qxl: vendor="X.Org Foundation"
May 11 06:03:37 pop-os /usr/libexec/gdm-x-session[842]: #011compiled for 1.20.13, module version = 0.1.5
May 11 06:03:37 pop-os /usr/libexec/gdm-x-session[842]: #011Module class: X.Org Video Driver
May 11 06:03:37 pop-os /usr/libexec/gdm-x-session[842]: #011ABI class: X.Org Video Driver, version 24.1
May 11 06:03:37 pop-os /usr/libexec/gdm-x-session[842]: (II) LoadModule: "modesetting"
May 11 06:03:37 pop-os /usr/libexec/gdm-x-session[842]: (II) Loading /usr/lib/xorg/modules/drivers/modesetting_drv.so
May 11 06:03:37 pop-os /usr/libexec/gdm-x-session[842]: (II) Module modesetting: vendor="X.Org Foundation"
May 11 06:03:37 pop-os /usr/libexec/gdm-x-session[842]: #011compiled for 1.20.14, module version = 1.20.14
May 11 06:03:37 pop-os /usr/libexec/gdm-x-session[842]: #011Module class: X.Org Video Driver
May 11 06:03:37 pop-os /usr/libexec/gdm-x-session[842]: #011ABI class: X.Org Video Driver, version 24.1
May 11 06:03:37 pop-os /usr/libexec/gdm-x-session[842]: (II) LoadModule: "fbdev"
May 11 06:03:37 pop-os /usr/libexec/gdm-x-session[842]: (II) Loading /usr/lib/xorg/modules/drivers/fbdev_drv.so
May 11 06:03:37 pop-os /usr/libexec/gdm-x-session[842]: (II) Module fbdev: vendor="X.Org Foundation"
May 11 06:03:37 pop-os /usr/libexec/gdm-x-session[842]: #011compiled for 1.20.13, module version = 0.5.0
May 11 06:03:37 pop-os /usr/libexec/gdm-x-session[842]: #011Module class: X.Org Video Driver
May 11 06:03:37 pop-os /usr/libexec/gdm-x-session[842]: #011ABI class: X.Org Video Driver, version 24.1
May 11 06:03:37 pop-os /usr/libexec/gdm-x-session[842]: (II) LoadModule: "vesa"
May 11 06:03:37 pop-os /usr/libexec/gdm-x-session[842]: (II) Loading /usr/lib/xorg/modules/drivers/vesa_drv.so
May 11 06:03:37 pop-os /usr/libexec/gdm-x-session[842]: (II) Module vesa: vendor="X.Org Foundation"
May 11 06:03:37 pop-os /usr/libexec/gdm-x-session[842]: #011compiled for 1.20.13, module version = 2.5.0
May 11 06:03:37 pop-os /usr/libexec/gdm-x-session[842]: #011Module class: X.Org Video Driver
9 1245 -hsync +vsync (74.6 kHz e)
May 11 06:03:37 pop-os /usr/libexec/gdm-x-session[842]: (II) qxl(0): Modeline "1920x1200"x60.0  154.00  1920 1968 2000 2080  1200 1203 1209 1235 +hsync -vsync (74.0 kHz e)
May 11 06:03:37 pop-os /usr/libexec/gdm-x-session[842]: (II) qxl(0): Modeline "1920x1080"x60.0  148.50  1920 2008 2052 2200  1080 1084 1089 1125 -hsync -vsync (67.5 kHz e)
May 11 06:03:37 pop-os /usr/libexec/gdm-x-session[842]: (II) qxl(0): Modeline "1600x1200"x60.0  162.00  1600 1664 1856 2160  1200 1201 1204 1250 +hsync +vsync (75.0 kHz e)
May 11 06:03:37 pop-os /usr/libexec/gdm-x-session[842]: (II) qxl(0): Modeline "1680x1050"x60.0  146.25  1680 1784 1960 2240  1050 1053 1059 1089 -hsync +vsync (65.3 kHz e)
May 11 06:03:37 pop-os /usr/libexec/gdm-x-session[842]: (II) qxl(0): Modeline "1680x1050"x59.9  119.00  1680 1728 1760 1840  1050 1053 1059 1080 +hsync -vsync (64.7 kHz e)
May 11 06:03:37 pop-os /usr/libexec/gdm-x-session[842]: (II) qxl(0): Modeline "1400x1050"x60.0  121.75  1400 1488 1632 1864  1050 1053 1057 1089 -hsync +vsync (65.3 kHz e)
May 11 06:03:37 pop-os /usr/libexec/gdm-x-session[842]: (II) qxl(0): Modeline "1400x1050"x59.9  101.00  1400 1448 1480 1560  1050 1053 1057 1080 +hsync -vsync (64.7 kHz e)
May 11 06:03:37 pop-os /usr/libexec/gdm-x-session[842]: (II) qxl(0): Modeline "1600x900"x60.0  108.00  1600 1624 1704 1800  900 901 904 1000 +hsync +vsync (60.0 kHz e)
May 11 06:03:37 pop-os /usr/libexec/gdm-x-session[842]: (II) qxl(0): Modeline "1280x1024"x60.0  108.00  1280 1328 1440 1688  1024 1025 1028 1066 +hsync +vsync (64.0 kHz e)
May 11 06:03:37 pop-os /usr/libexec/gdm-x-session[842]: (II) qxl(0): Modeline "1440x900"x59.9  106.50  1440 1520 1672 1904  900 903 909 934 -hsync +vsync (55.9 kHz e)
May 11 06:03:37 pop-os /usr/libexec/gdm-x-session[842]: (II) qxl(0): Modeline "1440x900"x59.9   88.75  1440 1488 1520 1600  900 903 909 926 +hsync -vsync (55.5 kHz e)
May 11 06:03:37 pop-os /usr/libexec/gdm-x-session[842]: (II) qxl(0): Modeline "1280x960"x60.0  108.00  1280 1376 1488 1800  960 961 964 1000 +hsync +vsync (60.0 kHz e)
May 11 06:03:37 pop-os /usr/libexec/gdm-x-session[842]: (II) qxl(0): Modeline "1280x854"x60.0   89.34  1280 1352 1480 1680  854 857 867 887 -hsync +vsync (53.2 kHz)
May 11 06:03:37 pop-os /usr/libexec/gdm-x-session[842]: (II) qxl(0): Modeline "1366x768"x59.8   85.50  1366 1436 1579 1792  768 771 774 798 +hsync +vsync (47.7 kHz e)
May 11 06:03:37 pop-os /usr/libexec/gdm-x-session[842]: (II) qxl(0): Modeline "1366x768"x60.0   72.00  1366 1380 1436 1500  768 769 772 800 +hsync +vsync (48.0 kHz e)
May 11 06:03:37 pop-os /usr/libexec/gdm-x-session[842]: (II) qxl(0): Modeline "1360x768"x60.0   85.50  1360 1424 1536 1792  768 771 777 795 +hsync +vsync (47.7 kHz e)
May 11 06:03:37 pop-os /usr/libexec/gdm-x-session[842]: (II) qxl(0): Modeline "1280x800"x59.8   83.50  1280 1352 1480 1680  800 803 809 831 -hsync +vsync (49.7 kHz e)
May 11 06:03:37 pop-os /usr/libexec/gdm-x-session[842]: (II) qxl(0): Modeline "1280x800"x59.9   71.00  1280 1328 1360 1440  800 803 809 823 +hsync -vsync (49.3 kHz e)
May 11 06:03:37 pop-os /usr/libexec/gdm-x-session[842]: (II) qxl(0): Modeline "1280x768"x59.9   79.50  1280 1344 1472 1664  768 771 778 798 -hsync +vsync (47.8 kHz e)
May 11 06:03:37 pop-os /usr/libexec/gdm-x-session[842]: (II) qxl(0): Modeline "1280x768"x60.0   68.25  1280 1328 1360 1440  768 771 778 790 +hsync -vsync (47.4 kHz e)
May 11 06:03:37 pop-os /usr/libexec/gdm-x-session[842]: (II) qxl(0): Modeline "1280x720"x60.0   74.25  1280 1390 1430 1650  720 725 730 750 +hsync +vsync (45.0 kHz e)
May 11 06:03:37 pop-os /usr/libexec/gdm-x-session[842]: (II) qxl(0): Modeline "1152x768"x59.9   71.95  1152 1216 1328 1504  768 771 781 798 -hsync +vsync (47.8 kHz)
May 11 06:03:37 pop-os /usr/libexec/gdm-x-session[842]: (II) qxl(0): Modeline "800x600"x60.3   40.00  800 840 968 1056  600 601 605 628 +hsync +vsync (37.9 kHz e)
May 11 14:20:12 pop-os avahi-daemon[610]: New relevant interface veth684b556.IPv6 for mDNS.
May 11 14:20:12 pop-os avahi-daemon[610]: Registering new address record for fe80::841b:75ff:fe5b:5f5b on veth684b556.*.
May 11 14:20:47 pop-os NetworkManager[617]: <info>  [1652259047.6886] dhcp4 (enp1s0): state changed new lease, address=192.168.122.230
May 11 14:26:30 pop-os systemd[1]: docker-e9724dba94a00b993e91c686a616e13734c757ccccdabe04de1f526e160c85aa.scope: Deactivated successfully.
May 11 14:26:30 pop-os dockerd[907]: time="2022-05-11T14:26:30.894400723+05:30" level=info msg="ignoring event" container=e9724dba94a00b993e91c686a616e13734c757ccccdabe04de1f526e160c85aa module=libcontainerd namespace=moby topic=/tasks/delete type="*events.TaskDelete"
May 11 14:26:30 pop-os containerd[730]: time="2022-05-11T14:26:30.894571762+05:30" level=info msg="shim disconnected" id=e9724dba94a00b993e91c686a616e13734c757ccccdabe04de1f526e160c85aa
May 11 14:26:30 pop-os containerd[730]: time="2022-05-11T14:26:30.894614112+05:30" level=warning msg="cleaning up after shim disconnected" id=e9724dba94a00b993e91c686a616e13734c757ccccdabe04de1f526e160c85aa namespace=moby
May 11 14:26:30 pop-os containerd[730]: time="2022-05-11T14:26:30.894627028+05:30" level=info msg="cleaning up dead shim"
May 11 14:26:30 pop-os containerd[730]: time="2022-05-11T14:26:30.905434868+05:30" level=warning msg="cleanup warnings time=\"2022-05-11T14:26:30+05:30\" level=info msg=\"starting signal loop\" namespace=moby pid=17290\n"
May 11 14:26:30 pop-os kernel: [ 5427.759841] veth4476d2e: renamed from eth0
May 11 14:26:30 pop-os systemd[1925]: gnome-terminal-server.service: Consumed 8.498s CPU time.
May 11 14:26:30 pop-os NetworkManager[617]: <info>  [1652259390.9479] manager: (veth4476d2e): new Veth device (/org/freedesktop/NetworkManager/Devices/33)
May 11 14:26:30 pop-os kernel: [ 5427.792178] docker0: port 1(veth684b556) entered disabled state
May 11 14:26:30 pop-os systemd-udevd[17307]: Using default interface naming scheme 'v249'.
May 11 14:26:30 pop-os avahi-daemon[610]: Interface veth684b556.IPv6 no longer relevant for mDNS.
May 11 14:26:30 pop-os avahi-daemon[610]: Leaving mDNS multicast group on interface veth684b556.IPv6 with address fe80::841b:75ff:fe5b:5f5b.
May 11 14:26:30 pop-os kernel: [ 5427.807048] docker0: port 1(veth684b556) entered disabled state
May 11 14:26:30 pop-os kernel: [ 5427.808053] device veth684b556 left promiscuous mode
May 11 14:26:30 pop-os kernel: [ 5427.808056] docker0: port 1(veth684b556) entered disabled state
May 11 14:26:30 pop-os avahi-daemon[610]: Withdrawing address record for fe80::841b:75ff:fe5b:5f5b on veth684b556.
May 11 14:26:30 pop-os NetworkManager[617]: <info>  [1652259390.9804] device (veth684b556): released from master device docker0
May 11 14:26:30 pop-os gnome-shell[2128]: Removing a network device that was not added
May 11 14:26:30 pop-os gnome-shell[2128]: Removing a network device that was not added
May 11 14:26:31 pop-os systemd[1]: run-docker-netns-7a6b843a565d.mount: Deactivated successfully.
May 11 14:26:31 pop-os systemd[1]: var-lib-docker-overlay2-86ea54c41a237412f206f4dbe826021ddc75ca8d523f963c4d98ea1d2394c18f-merged.mount: Deactivated successfully.
May 11 14:26:31 pop-os systemd[1925]: vte-spawn-379d3a4d-cba5-46ac-b45b-1a74972977b3.scope: Consumed 1.798s CPU time.
May 11 14:26:35 pop-os gnome-shell[2128]: endSessionDialog: No XDG_SESSION_ID, fetched from logind: 2
May 11 14:26:36 pop-os systemd[1]: Stopping Session 2 of User sankar...
May 11 14:26:36 pop-os systemd[1]: Removed slice Slice /system/getty.
May 11 14:26:36 pop-os systemd[1]: Removed slice Slice /system/modprobe.
May 11 14:26:36 pop-os systemd[1]: Stopped target Graphical Interface.
May 11 14:26:36 pop-os systemd[1]: Stopped target Multi-User System.
May 11 14:26:36 pop-os systemd[1]: Stopped target Login Prompts.
May 11 14:26:36 pop-os systemd[1]: Stopped target Host and Network Name Lookups.
May 11 14:26:36 pop-os ModemManager[729]: <info>  caught signal, shutting down...
May 11 14:26:36 pop-os systemd[1]: Stopped target Sound Card.
May 11 14:26:36 pop-os systemd[1]: Stopped target Timer Units.
May 11 14:26:36 pop-os systemd[1]: apt-daily-upgrade.timer: Deactivated successfully.
May 11 14:26:36 pop-os systemd[1]: Stopped Daily apt upgrade and clean activities.
May 11 14:26:36 pop-os systemd[1]: apt-daily.timer: Deactivated successfully.
May 11 14:26:36 pop-os systemd[1]: Stopped Daily apt download activities.
May 11 14:26:36 pop-os systemd[1]: dpkg-db-backup.timer: Deactivated successfully.
May 11 14:26:36 pop-os systemd[1]: Stopped Daily dpkg database backup timer.
May 11 14:26:36 pop-os systemd[1]: e2scrub_all.timer: Deactivated successfully.
May 11 14:26:36 pop-os systemd[1]: Stopped Periodic ext4 Online Metadata Check for All Filesystems.
May 11 14:26:36 pop-os systemd[1]: fstrim.timer: Deactivated successfully.
May 11 14:26:36 pop-os systemd[1]: Stopped Discard unused blocks once a week.
May 11 14:26:36 pop-os systemd[1]: fwupd-refresh.timer: Deactivated successfully.
May 11 14:26:36 pop-os systemd[1]: Stopped Refresh fwupd metadata regularly.
May 11 14:26:36 pop-os systemd[1]: logrotate.timer: Deactivated successfully.
May 11 14:26:36 pop-os systemd[1]: Stopped Daily rotation of log files.
May 11 14:26:36 pop-os systemd[1]: man-db.timer: Deactivated successfully.
May 11 14:26:36 pop-os systemd[1]: Stopped Daily man-db regeneration.
May 11 14:26:36 pop-os systemd[1]: motd-news.timer: Deactivated successfully.
May 11 14:26:36 pop-os systemd[1]: Stopped Message of the Day.
May 11 14:26:36 pop-os systemd[1]: systemd-tmpfiles-clean.timer: Deactivated successfully.
May 11 14:26:36 pop-os systemd[1]: Stopped Daily Cleanup of Temporary Directories.
May 11 14:26:36 pop-os systemd[1]: ua-timer.timer: Deactivated successfully.
May 11 14:26:36 pop-os systemd[1]: Stopped Ubuntu Advantage Timer for running repeated jobs.
May 11 14:26:36 pop-os systemd[1]: Stopped target System Time Set.
May 11 14:26:36 pop-os systemd[1]: lvm2-lvmpolld.socket: Deactivated successfully.
May 11 14:26:36 pop-os systemd[1]: Closed LVM2 poll daemon socket.
May 11 14:26:36 pop-os systemd[1]: systemd-rfkill.socket: Deactivated successfully.
May 11 14:26:36 pop-os systemd[1]: Closed Load/Save RF Kill Switch Status /dev/rfkill Watch.
May 11 14:26:36 pop-os systemd[1]: Stopping Modem Manager...
May 11 14:26:36 pop-os systemd[1]: Stopping Accounts Service...
May 11 14:26:36 pop-os systemd[1]: Stopping ACPI event daemon...
May 11 14:26:36 pop-os kernel: [ 5433.531200] rfkill: input handler enabled
May 17 08:38:43 pop-os kernel: [    0.000000] Linux version 5.16.15-76051615-generic (jenkins@warp.pop-os.org) (gcc (Ubuntu 11.2.0-18ubuntu1) 11.2.0, GNU ld (GNU Binutils for Ubuntu) 2.38) #202203161444~1647964027~22.04~e706226 SMP PREEMPT Tue Mar 22 17
May 17 08:38:43 pop-os kernel: [    0.000000] Command line: BOOT_IMAGE=/boot/vmlinuz-5.16.15-76051615-generic root=UUID=39711004-018a-41b0-b65c-7bb75067c31d ro quiet splash vt.handoff=7
May 17 08:38:43 pop-os kernel: [    0.000000] KERNEL supported cpus:
May 17 08:38:43 pop-os kernel: [    0.000000]   Intel GenuineIntel
May 17 08:38:43 pop-os kernel: [    0.000000]   AMD AuthenticAMD
May 17 08:38:43 pop-os kernel: [    0.000000]   Hygon HygonGenuine
May 17 08:38:43 pop-os kernel: [    0.000000]   Centaur CentaurHauls
May 17 08:38:43 pop-os kernel: [    0.000000]   zhaoxin   Shanghai  
May 17 08:38:43 pop-os kernel: [    0.000000] x86/fpu: Supporting XSAVE feature 0x001: 'x87 floating point registers'
May 17 08:38:43 pop-os kernel: [    0.000000] x86/fpu: Supporting XSAVE feature 0x002: 'SSE registers'
May 17 08:38:43 pop-os kernel: [    0.000000] x86/fpu: Supporting XSAVE feature 0x004: 'AVX registers'
May 17 08:38:43 pop-os kernel: [    0.000000] x86/fpu: Supporting XSAVE feature 0x008: 'MPX bounds registers'
May 17 08:38:43 pop-os kernel: [    0.000000] x86/fpu: Supporting XSAVE feature 0x010: 'MPX CSR'
May 17 08:38:43 pop-os kernel: [    0.000000] x86/fpu: xstate_offset[2]:  576, xstate_sizes[2]:  256
May 17 08:38:43 pop-os kernel: [    0.000000] x86/fpu: xstate_offset[3]:  832, xstate_sizes[3]:   64
May 17 08:38:43 pop-os kernel: [    0.000000] x86/fpu: xstate_offset[4]:  896, xstate_sizes[4]:   64
May 17 08:38:43 pop-os kernel: [    0.000000] x86/fpu: Enabled xstate features 0x1f, context size is 960 bytes, using 'compacted' format.
May 17 08:38:43 pop-os kernel: [    0.000000] signal: max sigframe size: 2032
May 17 08:38:43 pop-os kernel: [    0.000000] BIOS-provided physical RAM map:
May 17 08:38:43 pop-os kernel: [    0.000000] BIOS-e820: [mem 0x0000000000000000-0x000000000009fbff] usable
May 17 08:38:43 pop-os kernel: [    0.000000] BIOS-e820: [mem 0x000000000009fc00-0x000000000009ffff] reserved
May 17 08:38:43 pop-os kernel: [    0.000000] BIOS-e820: [mem 0x00000000000f0000-0x00000000000fffff] reserved
May 17 08:38:43 pop-os kernel: [    0.000000] BIOS-e820: [mem 0x0000000000100000-0x000000007ffdbfff] usable
May 17 08:38:43 pop-os kernel: [    0.000000] BIOS-e820: [mem 0x000000007ffdc000-0x000000007fffffff] reserved
May 17 08:38:43 pop-os kernel: [    0.000000] BIOS-e820: [mem 0x00000000b0000000-0x00000000bfffffff] reserved
May 17 08:38:43 pop-os kernel: [    0.000000] BIOS-e820: [mem 0x00000000fed1c000-0x00000000fed1ffff] reserved
May 17 08:38:43 pop-os kernel: [    0.000000] BIOS-e820: [mem 0x00000000feffc000-0x00000000feffffff] reserved
May 17 08:38:43 pop-os kernel: [    0.000000] BIOS-e820: [mem 0x00000000fffc0000-0x00000000ffffffff] reserved
May 17 08:38:43 pop-os kernel: [    0.000000] BIOS-e820: [mem 0x0000000100000000-0x000000017fffffff] usable
May 17 08:38:43 pop-os kernel: [    0.000000] NX (Execute Disable) protection: active
May 17 08:38:43 pop-os kernel: [    0.000000] SMBIOS 2.8 present.
May 17 08:38:43 pop-os kernel: [    0.000000] DMI: QEMU Standard PC (Q35 + ICH9, 2009), BIOS ArchLinux 1.16.0-1 04/01/2014
May 17 08:38:43 pop-os kernel: [    0.000000] Hypervisor detected: KVM
May 17 08:38:43 pop-os kernel: [    0.000000] kvm-clock: Using msrs 4b564d01 and 4b564d00
May 17 08:38:43 pop-os kernel: [    0.000000] kvm-clock: cpu 0, msr 10ba01001, primary cpu clock
May 17 08:38:43 pop-os kernel: [    0.000001] kvm-clock: using sched offset of 6187937640 cycles
May 17 08:38:43 pop-os kernel: [    0.000004] clocksource: kvm-clock: mask: 0xffffffffffffffff max_cycles: 0x1cd42e4dffb, max_idle_ns: 881590591483 ns
May 17 08:38:43 pop-os kernel: [    0.000007] tsc: Detected 2399.998 MHz processor
May 17 08:38:43 pop-os kernel: [    0.000599] e820: update [mem 0x00000000-0x00000fff] usable ==> reserved
May 17 08:38:43 pop-os kernel: [    0.000601] e820: remove [mem 0x000a0000-0x000fffff] usable
May 17 08:38:43 pop-os kernel: [    0.000606] last_pfn = 0x180000 max_arch_pfn = 0x400000000
May 17 08:38:43 pop-os kernel: [    0.000641] x86/PAT: Configuration [0-7]: WB  WC  UC- UC  WB  WP  UC- WT  
May 17 08:38:43 pop-os kernel: [    0.000651] last_pfn = 0x7ffdc max_arch_pfn = 0x400000000
May 17 08:38:43 pop-os kernel: [    0.007189] found SMP MP-table at [mem 0x000f5b70-0x000f5b7f]
May 17 08:38:43 pop-os kernel: [    0.007288] Using GB pages for direct mapping
May 17 08:38:43 pop-os kernel: [    0.007494] RAMDISK: [mem 0x2a4bb000-0x31254fff]
May 17 08:38:43 pop-os kernel: [    0.007520] ACPI: Early table checksum verification disabled
May 17 08:38:43 pop-os kernel: [    0.007536] ACPI: RSDP 0x00000000000F5950 000014 (v00 BOCHS )
May 17 08:38:43 pop-os kernel: [    0.007543] ACPI: RSDT 0x000000007FFE2A4F 000034 (v01 BOCHS  BXPC     00000001 BXPC 00000001)
May 17 08:38:43 pop-os kernel: [    0.007554] ACPI: FACP 0x000000007FFE2877 0000F4 (v03 BOCHS  BXPC     00000001 BXPC 00000001)
May 17 08:38:43 pop-os kernel: [    0.007559] ACPI: DSDT 0x000000007FFE0040 002837 (v01 BOCHS  BXPC     00000001 BXPC 00000001)
May 17 08:38:43 pop-os kernel: [    0.007564] ACPI: FACS 0x000000007FFE0000 000040
May 17 08:38:43 pop-os kernel: [    0.007567] ACPI: APIC 0x000000007FFE296B 000080 (v01 BOCHS  BXPC     00000001 BXPC 00000001)
May 17 08:38:43 pop-os kernel: [    0.007570] ACPI: MCFG 0x000000007FFE29EB 00003C (v01 BOCHS  BXPC     00000001 BXPC 00000001)
May 17 08:38:43 pop-os kernel: [    0.007573] ACPI: WAET 0x000000007FFE2A27 000028 (v01 BOCHS  BXPC     00000001 BXPC 00000001)
May 17 08:38:43 pop-os kernel: [    0.007575] ACPI: Reserving FACP table memory at [mem 0x7ffe2877-0x7ffe296a]
May 17 08:38:43 pop-os kernel: [    0.007576] ACPI: Reserving DSDT table memory at [mem 0x7ffe0040-0x7ffe2876]
May 17 08:38:43 pop-os kernel: [    0.007577] ACPI: Reserving FACS table memory at [mem 0x7ffe0000-0x7ffe003f]
May 17 08:38:43 pop-os kernel: [    0.007577] ACPI: Reserving APIC table memory at [mem 0x7ffe296b-0x7ffe29ea]
May 17 08:38:43 pop-os kernel: [    0.007578] ACPI: Reserving MCFG table memory at [mem 0x7ffe29eb-0x7ffe2a26]
May 17 08:38:43 pop-os kernel: [    0.007579] ACPI: Reserving WAET table memory at [mem 0x7ffe2a27-0x7ffe2a4e]
May 17 08:38:43 pop-os kernel: [    0.007946] No NUMA configuration found
May 17 08:38:43 pop-os kernel: [    0.007947] Faking a node at [mem 0x0000000000000000-0x000000017fffffff]
May 17 08:38:43 pop-os kernel: [    0.007955] NODE_DATA(0) allocated [mem 0x17ffd5000-0x17fffffff]
May 17 08:38:43 pop-os kernel: [    0.008365] Zone ranges:
May 17 08:38:43 pop-os kernel: [    0.008366]   DMA      [mem 0x0000000000001000-0x0000000000ffffff]
May 17 08:38:43 pop-os kernel: [    0.008368]   DMA32    [mem 0x0000000001000000-0x00000000ffffffff]
May 17 08:38:43 pop-os kernel: [    0.008369]   Normal   [mem 0x0000000100000000-0x000000017fffffff]
May 17 08:38:43 pop-os kernel: [    0.008370]   Device   empty
May 17 08:38:43 pop-os kernel: [    0.008371] Movable zone start for each node
May 17 08:38:43 pop-os kernel: [    0.008372] Early memory node ranges
May 17 08:38:43 pop-os kernel: [    0.008373]   node   0: [mem 0x0000000000001000-0x000000000009efff]
May 17 08:38:43 pop-os kernel: [    0.008374]   node   0: [mem 0x0000000000100000-0x000000007ffdbfff]
May 17 08:38:43 pop-os kernel: [    0.008375]   node   0: [mem 0x0000000100000000-0x000000017fffffff]
May 17 08:38:43 pop-os kernel: [    0.008376] Initmem setup node 0 [mem 0x0000000000001000-0x000000017fffffff]
May 17 08:38:43 pop-os kernel: [    0.008543] On node 0, zone DMA: 1 pages in unavailable ranges
May 17 08:38:43 pop-os kernel: [    0.008563] On node 0, zone DMA: 97 pages in unavailable ranges
May 17 08:38:43 pop-os kernel: [    0.019236] On node 0, zone Normal: 36 pages in unavailable ranges
May 17 08:38:43 pop-os kernel: [    0.020438] ACPI: PM-Timer IO Port: 0x608
May 17 08:38:43 pop-os kernel: [    0.020455] ACPI: LAPIC_NMI (acpi_id[0xff] dfl dfl lint[0x1])
May 17 08:38:43 pop-os kernel: [    0.020489] IOAPIC[0]: apic_id 0, version 17, address 0xfec00000, GSI 0-23
May 17 08:38:43 pop-os kernel: [    0.020492] ACPI: INT_SRC_OVR (bus 0 bus_irq 0 global_irq 2 dfl dfl)
May 17 08:38:43 pop-os kernel: [    0.020494] ACPI: INT_SRC_OVR (bus 0 bus_irq 5 global_irq 5 high level)
May 17 08:38:43 pop-os kernel: [    0.020495] ACPI: INT_SRC_OVR (bus 0 bus_irq 9 global_irq 9 high level)
May 17 08:38:43 pop-os kernel: [    0.020497] ACPI: INT_SRC_OVR (bus 0 bus_irq 10 global_irq 10 high level)
May 17 08:38:43 pop-os kernel: [    0.020498] ACPI: INT_SRC_OVR (bus 0 bus_irq 11 global_irq 11 high level)
May 17 08:38:43 pop-os kernel: [    0.020501] ACPI: Using ACPI (MADT) for SMP configuration information
May 17 08:38:43 pop-os kernel: [    0.020505] TSC deadline timer available
May 17 08:38:43 pop-os kernel: [    0.020510] smpboot: Allowing 2 CPUs, 0 hotplug CPUs
May 17 08:38:43 pop-os kernel: [    0.020549] kvm-guest: KVM setup pv remote TLB flush
May 17 08:38:43 pop-os kernel: [    0.020551] kvm-guest: setup PV sched yield
May 17 08:38:43 pop-os kernel: [    0.020566] PM: hibernation: Registered nosave memory: [mem 0x00000000-0x00000fff]
May 17 08:38:43 pop-os kernel: [    0.020568] PM: hibernation: Registered nosave memory: [mem 0x0009f000-0x0009ffff]
May 17 08:38:43 pop-os kernel: [    0.020569] PM: hibernation: Registered nosave memory: [mem 0x000a0000-0x000effff]
May 17 08:38:43 pop-os kernel: [    0.020569] PM: hibernation: Registered nosave memory: [mem 0x000f0000-0x000fffff]
May 17 08:38:43 pop-os kernel: [    0.020570] PM: hibernation: Registered nosave memory: [mem 0x7ffdc000-0x7fffffff]
May 17 08:38:43 pop-os kernel: [    0.020571] PM: hibernation: Registered nosave memory: [mem 0x80000000-0xafffffff]
May 17 08:38:43 pop-os kernel: [    0.020571] PM: hibernation: Registered nosave memory: [mem 0xb0000000-0xbfffffff]
May 17 08:38:43 pop-os kernel: [    0.020572] PM: hibernation: Registered nosave memory: [mem 0xc0000000-0xfed1bfff]
May 17 08:38:43 pop-os kernel: [    0.020572] PM: hibernation: Registered nosave memory: [mem 0xfed1c000-0xfed1ffff]
May 17 08:38:43 pop-os kernel: [    0.020573] PM: hibernation: Registered nosave memory: [mem 0xfed20000-0xfeffbfff]
May 17 08:38:43 pop-os kernel: [    0.020574] PM: hibernation: Registered nosave memory: [mem 0xfeffc000-0xfeffffff]
May 17 08:38:43 pop-os kernel: [    0.020574] PM: hibernation: Registered nosave memory: [mem 0xff000000-0xfffbffff]
May 17 08:38:43 pop-os kernel: [    0.020575] PM: hibernation: Registered nosave memory: [mem 0xfffc0000-0xffffffff]
May 17 08:38:43 pop-os kernel: [    0.020576] [mem 0xc0000000-0xfed1bfff] available for PCI devices
May 17 08:38:43 pop-os kernel: [    0.020577] Booting paravirtualized kernel on KVM
May 17 08:38:43 pop-os kernel: [    0.020586] clocksource: refined-jiffies: mask: 0xffffffff max_cycles: 0xffffffff, max_idle_ns: 7645519600211568 ns
May 17 08:38:43 pop-os kernel: [    0.020600] setup_percpu: NR_CPUS:8192 nr_cpumask_bits:2 nr_cpu_ids:2 nr_node_ids:1
May 17 08:38:43 pop-os kernel: [    0.020904] percpu: Embedded 61 pages/cpu s212992 r8192 d28672 u1048576
May 17 08:38:43 pop-os kernel: [    0.020911] pcpu-alloc: s212992 r8192 d28672 u1048576 alloc=1*2097152
May 17 08:38:43 pop-os kernel: [    0.020913] pcpu-alloc: [0] 0 1 
May 17 08:38:43 pop-os kernel: [    0.020939] kvm-guest: setup async PF for cpu 0
May 17 08:38:43 pop-os kernel: [    0.020942] kvm-guest: stealtime: cpu 0, msr 17bc33080
May 17 08:38:43 pop-os kernel: [    0.020946] kvm-guest: PV spinlocks enabled
May 17 08:38:43 pop-os kernel: [    0.020949] PV qspinlock hash table entries: 256 (order: 0, 4096 bytes, linear)
May 17 08:38:43 pop-os kernel: [    0.020959] Fallback order for Node 0: 0 
May 17 08:38:43 pop-os kernel: [    0.020965] Built 1 zonelists, mobility grouping on.  Total pages: 1031900
May 17 08:38:43 pop-os kernel: [    0.020966] Policy zone: Normal
May 17 08:38:43 pop-os kernel: [    0.020967] Kernel command line: BOOT_IMAGE=/boot/vmlinuz-5.16.15-76051615-generic root=UUID=39711004-018a-41b0-b65c-7bb75067c31d ro quiet splash vt.handoff=7
May 17 08:38:43 pop-os kernel: [    0.021020] Unknown kernel command line parameters "splash BOOT_IMAGE=/boot/vmlinuz-5.16.15-76051615-generic", will be passed to user space.
May 17 08:38:43 pop-os kernel: [    0.021412] Dentry cache hash table entries: 524288 (order: 10, 4194304 bytes, linear)
May 17 08:38:43 pop-os kernel: [    0.021655] Inode-cache hash table entries: 262144 (order: 9, 2097152 bytes, linear)
May 17 08:38:43 pop-os kernel: [    0.021716] mem auto-init: stack:off, heap alloc:on, heap free:off
May 17 08:38:43 pop-os kernel: [    0.045738] Memory: 3898868K/4193768K available (16393K kernel code, 4444K rwdata, 10828K rodata, 2752K init, 4936K bss, 294640K reserved, 0K cma-reserved)
May 17 08:38:43 pop-os kernel: [    0.045751] random: get_random_u64 called from kmem_cache_open+0x2b/0x360 with crng_init=0
May 17 08:38:43 pop-os kernel: [    0.045859] SLUB: HWalign=64, Order=0-3, MinObjects=0, CPUs=2, Nodes=1
May 17 08:38:43 pop-os kernel: [    0.045877] Kernel/User page tables isolation: enabled
May 17 08:38:43 pop-os kernel: [    0.045899] ftrace: allocating 50833 entries in 199 pages
May 17 08:38:43 pop-os kernel: [    0.059517] ftrace: allocated 199 pages with 5 groups
May 17 08:38:43 pop-os kernel: [    0.060291] Dynamic Preempt: voluntary
May 17 08:38:43 pop-os kernel: [    0.060444] rcu: Preemptible hierarchical RCU implementation.
May 17 08:38:43 pop-os kernel: [    0.060445] rcu: 	RCU restricting CPUs from NR_CPUS=8192 to nr_cpu_ids=2.
May 17 08:38:43 pop-os kernel: [    0.060446] 	Trampoline variant of Tasks RCU enabled.
May 17 08:38:43 pop-os kernel: [    0.060446] 	Rude variant of Tasks RCU enabled.
May 17 08:38:43 pop-os kernel: [    0.060447] 	Tracing variant of Tasks RCU enabled.
May 17 08:38:43 pop-os kernel: [    0.060449] rcu: RCU calculated value of scheduler-enlistment delay is 25 jiffies.
May 17 08:38:43 pop-os kernel: [    0.060449] rcu: Adjusting geometry for rcu_fanout_leaf=16, nr_cpu_ids=2
May 17 08:38:43 pop-os kernel: [    0.063207] NR_IRQS: 524544, nr_irqs: 440, preallocated irqs: 16
May 17 08:38:43 pop-os kernel: [    0.063465] random: crng done (trusting CPU's manufacturer)
May 17 08:38:43 pop-os kernel: [    0.063502] Console: colour dummy device 80x25
May 17 08:38:43 pop-os kernel: [    0.063511] printk: console [tty0] enabled
May 17 08:38:43 pop-os kernel: [    0.063524] ACPI: Core revision 20210930
May 17 08:38:43 pop-os kernel: [    0.063558] APIC: Switch to symmetric I/O mode setup
May 17 08:38:43 pop-os kernel: [    0.063739] x2apic enabled
May 17 08:38:43 pop-os kernel: [    0.063933] Switched APIC routing to physical x2apic.
May 17 08:38:43 pop-os kernel: [    0.063934] kvm-guest: setup PV IPIs
May 17 08:38:43 pop-os kernel: [    0.064677] clocksource: tsc-early: mask: 0xffffffffffffffff max_cycles: 0x229835b7123, max_idle_ns: 440795242976 ns
May 17 08:38:43 pop-os kernel: [    0.064683] Calibrating delay loop (skipped) preset value.. 4799.99 BogoMIPS (lpj=9599992)
May 17 08:38:43 pop-os kernel: [    0.064685] pid_max: default: 32768 minimum: 301
May 17 08:38:43 pop-os kernel: [    0.064702] LSM: Security Framework initializing
May 17 08:38:43 pop-os kernel: [    0.064710] landlock: Up and running.
May 17 08:38:43 pop-os kernel: [    0.064710] Yama: becoming mindful.
May 17 08:38:43 pop-os kernel: [    0.064866] AppArmor: AppArmor initialized
May 17 08:38:43 pop-os kernel: [    0.064885] Mount-cache hash table entries: 8192 (order: 4, 65536 bytes, linear)
May 17 08:38:43 pop-os kernel: [    0.064890] Mountpoint-cache hash table entries: 8192 (order: 4, 65536 bytes, linear)
May 17 08:38:43 pop-os kernel: [    0.065295] x86/cpu: User Mode Instruction Prevention (UMIP) activated
May 17 08:38:43 pop-os kernel: [    0.065419] Last level iTLB entries: 4KB 0, 2MB 0, 4MB 0
May 17 08:38:43 pop-os kernel: [    0.065421] Last level dTLB entries: 4KB 0, 2MB 0, 4MB 0, 1GB 0
May 17 08:38:43 pop-os kernel: [    0.065442] Spectre V1 : Mitigation: usercopy/swapgs barriers and __user pointer sanitization
May 17 08:38:43 pop-os kernel: [    0.065445] Spectre V2 : Mitigation: Retpolines
May 17 08:38:43 pop-os kernel: [    0.065446] Spectre V2 : Spectre v2 / SpectreRSB mitigation: Filling RSB on context switch
May 17 08:38:43 pop-os kernel: [    0.065446] Spectre V2 : Enabling Restricted Speculation for firmware calls
May 17 08:38:43 pop-os kernel: [    0.065449] Spectre V2 : mitigation: Enabling conditional Indirect Branch Prediction Barrier
May 17 08:38:43 pop-os kernel: [    0.065451] Speculative Store Bypass: Mitigation: Speculative Store Bypass disabled via prctl
May 17 08:38:43 pop-os kernel: [    0.065456] SRBDS: Unknown: Dependent on hypervisor status
May 17 08:38:43 pop-os kernel: [    0.065457] MDS: Mitigation: Clear CPU buffers
May 17 08:38:43 pop-os kernel: [    0.068297] Freeing SMP alternatives memory: 40K
May 17 08:38:43 pop-os kernel: [    0.068431] smpboot: CPU0: Intel(R) Core(TM) i5-9300H CPU @ 2.40GHz (family: 0x6, model: 0x9e, stepping: 0xa)
May 17 08:38:43 pop-os kernel: [    0.068557] Performance Events: Skylake events, full-width counters, Intel PMU driver.
May 17 08:38:43 pop-os kernel: [    0.068582] ... version:                2
May 17 08:38:43 pop-os kernel: [    0.068583] ... bit width:              48
May 17 08:38:43 pop-os kernel: [    0.068583] ... generic registers:      4
May 17 08:38:43 pop-os kernel: [    0.068584] ... value mask:             0000ffffffffffff
May 17 08:38:43 pop-os kernel: [    0.068584] ... max period:             00007fffffffffff
May 17 08:38:43 pop-os kernel: [    0.068585] ... fixed-purpose events:   3
May 17 08:38:43 pop-os kernel: [    0.068585] ... event mask:             000000070000000f
May 17 08:38:43 pop-os kernel: [    0.068680] rcu: Hierarchical SRCU implementation.
May 17 08:38:43 pop-os kernel: [    0.068680] smp: Bringing up secondary CPUs ...
May 17 08:38:43 pop-os kernel: [    0.068680] x86: Booting SMP configuration:
May 17 08:38:43 pop-os kernel: [    0.068680] .... node  #0, CPUs:      #1
May 17 08:38:43 pop-os kernel: [    0.005350] kvm-clock: cpu 1, msr 10ba01041, secondary cpu clock
May 17 08:38:43 pop-os kernel: [    0.005350] smpboot: CPU 1 Converting physical 0 to logical die 1
May 17 08:38:43 pop-os kernel: [    0.068698] kvm-guest: setup async PF for cpu 1
May 17 08:38:43 pop-os kernel: [    0.068701] kvm-guest: stealtime: cpu 1, msr 17bd33080
May 17 08:38:43 pop-os kernel: [    0.068710] smp: Brought up 1 node, 2 CPUs
May 17 08:38:43 pop-os kernel: [    0.068710] smpboot: Max logical packages: 2
May 17 08:38:43 pop-os kernel: [    0.068710] smpboot: Total of 2 processors activated (9599.99 BogoMIPS)
May 17 08:38:43 pop-os kernel: [    0.068941] devtmpfs: initialized
May 17 08:38:43 pop-os kernel: [    0.068941] x86/mm: Memory block size: 128MB
May 17 08:38:43 pop-os kernel: [    0.069110] clocksource: jiffies: mask: 0xffffffff max_cycles: 0xffffffff, max_idle_ns: 7645041785100000 ns
May 17 08:38:43 pop-os kernel: [    0.069110] futex hash table entries: 512 (order: 3, 32768 bytes, linear)
May 17 08:38:43 pop-os kernel: [    0.069110] pinctrl core: initialized pinctrl subsystem
May 17 08:38:43 pop-os kernel: [    0.069110] PM: RTC time: 03:08:38, date: 2022-05-17
May 17 08:38:43 pop-os kernel: [    0.069110] NET: Registered PF_NETLINK/PF_ROUTE protocol family
May 17 08:38:43 pop-os kernel: [    0.069110] DMA: preallocated 512 KiB GFP_KERNEL pool for atomic allocations
May 17 08:38:43 pop-os kernel: [    0.069239] DMA: preallocated 512 KiB GFP_KERNEL|GFP_DMA pool for atomic allocations
May 17 08:38:43 pop-os kernel: [    0.069372] DMA: preallocated 512 KiB GFP_KERNEL|GFP_DMA32 pool for atomic allocations
May 17 08:38:43 pop-os kernel: [    0.069378] audit: initializing netlink subsys (disabled)
May 17 08:38:43 pop-os kernel: [    0.069396] audit: type=2000 audit(1652756919.458:1): state=initialized audit_enabled=0 res=1
May 17 08:38:43 pop-os kernel: [    0.069396] thermal_sys: Registered thermal governor 'fair_share'
May 17 08:38:43 pop-os kernel: [    0.069396] thermal_sys: Registered thermal governor 'bang_bang'
May 17 08:38:43 pop-os kernel: [    0.069396] thermal_sys: Registered thermal governor 'step_wise'
May 17 08:38:43 pop-os kernel: [    0.069396] thermal_sys: Registered thermal governor 'user_space'
May 17 08:38:43 pop-os kernel: [    0.069396] thermal_sys: Registered thermal governor 'power_allocator'
May 17 08:38:43 pop-os kernel: [    0.069396] EISA bus registered
May 17 08:38:43 pop-os kernel: [    0.069396] cpuidle: using governor ladder
May 17 08:38:43 pop-os kernel: [    0.069396] cpuidle: using governor menu
May 17 08:38:43 pop-os kernel: [    0.069396] acpiphp: ACPI Hot Plug PCI Controller Driver version: 0.5
May 17 08:38:43 pop-os kernel: [    0.069396] PCI: MMCONFIG for domain 0000 [bus 00-ff] at [mem 0xb0000000-0xbfffffff] (base 0xb0000000)
May 17 08:38:43 pop-os kernel: [    0.069396] PCI: MMCONFIG at [mem 0xb0000000-0xbfffffff] reserved in E820
May 17 08:38:43 pop-os kernel: [    0.069396] PCI: Using configuration type 1 for base access
May 17 08:38:43 pop-os kernel: [    0.069895] kprobes: kprobe jump-optimization is enabled. All kprobes are optimized if possible.
May 17 08:38:43 pop-os kernel: [    0.069915] HugeTLB registered 1.00 GiB page size, pre-allocated 0 pages
May 17 08:38:43 pop-os kernel: [    0.069915] HugeTLB registered 2.00 MiB page size, pre-allocated 0 pages
May 17 08:38:43 pop-os kernel: [    0.069915] ACPI: Added _OSI(Module Device)
May 17 08:38:43 pop-os kernel: [    0.069915] ACPI: Added _OSI(Processor Device)
May 17 08:38:43 pop-os kernel: [    0.069915] ACPI: Added _OSI(3.0 _SCP Extensions)
May 17 08:38:43 pop-os kernel: [    0.069915] ACPI: Added _OSI(Processor Aggregator Device)
May 17 08:38:43 pop-os kernel: [    0.069915] ACPI: Added _OSI(Linux-Dell-Video)
May 17 08:38:43 pop-os kernel: [    0.069915] ACPI: Added _OSI(Linux-Lenovo-NV-HDMI-Audio)
May 17 08:38:43 pop-os kernel: [    0.069915] ACPI: Added _OSI(Linux-HPI-Hybrid-Graphics)
May 17 08:38:43 pop-os kernel: [    0.073409] ACPI: 1 ACPI AML tables successfully acquired and loaded
May 17 08:38:43 pop-os kernel: [    0.074702] ACPI: Interpreter enabled
May 17 08:38:43 pop-os kernel: [    0.074710] ACPI: PM: (supports S0 S5)
May 17 08:38:43 pop-os kernel: [    0.074711] ACPI: Using IOAPIC for interrupt routing
May 17 08:38:43 pop-os kernel: [    0.074729] PCI: Using host bridge windows from ACPI; if necessary, use "pci=nocrs" and report a bug
May 17 08:38:43 pop-os kernel: [    0.074819] ACPI: Enabled 2 GPEs in block 00 to 3F
May 17 08:38:43 pop-os kernel: [    0.076777] ACPI: PCI Root Bridge [PCI0] (domain 0000 [bus 00-ff])
May 17 08:38:43 pop-os kernel: [    0.076781] acpi PNP0A08:00: _OSC: OS supports [ExtendedConfig ASPM ClockPM Segments MSI HPX-Type3]
May 17 08:38:43 pop-os kernel: [    0.076826] acpi PNP0A08:00: _OSC: platform does not support [PCIeHotplug LTR]
May 17 08:38:43 pop-os kernel: [    0.076887] acpi PNP0A08:00: _OSC: OS now controls [SHPCHotplug PME AER PCIeCapability]
May 17 08:38:43 pop-os kernel: [    0.077110] PCI host bridge to bus 0000:00
May 17 08:38:43 pop-os kernel: [    0.077112] pci_bus 0000:00: root bus resource [io  0x0000-0x0cf7 window]
May 17 08:38:43 pop-os kernel: [    0.077114] pci_bus 0000:00: root bus resource [io  0x0d00-0xffff window]
May 17 08:38:43 pop-os kernel: [    0.077115] pci_bus 0000:00: root bus resource [mem 0x000a0000-0x000bffff window]
May 17 08:38:43 pop-os kernel: [    0.077116] pci_bus 0000:00: root bus resource [mem 0x80000000-0xafffffff window]
May 17 08:38:43 pop-os kernel: [    0.077117] pci_bus 0000:00: root bus resource [mem 0xc0000000-0xfebfffff window]
May 17 08:38:43 pop-os kernel: [    0.077118] pci_bus 0000:00: root bus resource [mem 0x180000000-0x97fffffff window]
May 17 08:38:43 pop-os kernel: [    0.077119] pci_bus 0000:00: root bus resource [bus 00-ff]
May 17 08:38:43 pop-os kernel: [    0.077156] pci 0000:00:00.0: [8086:29c0] type 00 class 0x060000
May 17 08:38:43 pop-os kernel: [    0.077651] pci 0000:00:01.0: [1b36:0100] type 00 class 0x030000
May 17 08:38:43 pop-os kernel: [    0.084713] pci 0000:00:01.0: reg 0x10: [mem 0xf0000000-0xf3ffffff]
May 17 08:38:43 pop-os kernel: [    0.092699] pci 0000:00:01.0: reg 0x14: [mem 0xf4000000-0xf7ffffff]
May 17 08:38:43 pop-os kernel: [    0.096645] pci 0000:00:01.0: reg 0x18: [mem 0xf9c14000-0xf9c15fff]
May 17 08:38:43 pop-os kernel: [    0.098180] pci 0000:00:01.0: reg 0x1c: [io  0xc040-0xc05f]
May 17 08:38:43 pop-os kernel: [    0.114044] pci 0000:00:01.0: reg 0x30: [mem 0xf9c00000-0xf9c0ffff pref]
May 17 08:38:43 pop-os kernel: [    0.114185] pci 0000:00:01.0: Video device with shadowed ROM at [mem 0x000c0000-0x000dffff]
May 17 08:38:43 pop-os kernel: [    0.114611] pci 0000:00:02.0: [1b36:000c] type 01 class 0x060400
May 17 08:38:43 pop-os kernel: [    0.115907] pci 0000:00:02.0: reg 0x10: [mem 0xf9c16000-0xf9c16fff]
May 17 08:38:43 pop-os kernel: [    0.119370] pci 0000:00:02.1: [1b36:000c] type 01 class 0x060400
May 17 08:38:43 pop-os kernel: [    0.121339] pci 0000:00:02.1: reg 0x10: [mem 0xf9c17000-0xf9c17fff]
May 17 08:38:43 pop-os kernel: [    0.126064] pci 0000:00:02.2: [1b36:000c] type 01 class 0x060400
May 17 08:38:43 pop-os kernel: [    0.127358] pci 0000:00:02.2: reg 0x10: [mem 0xf9c18000-0xf9c18fff]
May 17 08:38:43 pop-os kernel: [    0.129666] pci 0000:00:02.3: [1b36:000c] type 01 class 0x060400
May 17 08:38:43 pop-os kernel: [    0.131812] pci 0000:00:02.3: reg 0x10: [mem 0xf9c19000-0xf9c19fff]
May 17 08:38:43 pop-os kernel: [    0.139387] pci 0000:00:02.4: [1b36:000c] type 01 class 0x060400
May 17 08:38:43 pop-os kernel: [    0.140671] pci 0000:00:02.4: reg 0x10: [mem 0xf9c1a000-0xf9c1afff]
May 17 08:38:43 pop-os kernel: [    0.143679] pci 0000:00:02.5: [1b36:000c] type 01 class 0x060400
May 17 08:38:43 pop-os kernel: [    0.144685] pci 0000:00:02.5: reg 0x10: [mem 0xf9c1b000-0xf9c1bfff]
May 17 08:38:43 pop-os kernel: [    0.147316] pci 0000:00:02.6: [1b36:000c] type 01 class 0x060400
May 17 08:38:43 pop-os kernel: [    0.149971] pci 0000:00:02.6: reg 0x10: [mem 0xf9c1c000-0xf9c1cfff]
May 17 08:38:43 pop-os kernel: [    0.152516] pci 0000:00:02.7: [1b36:000c] type 01 class 0x060400
May 17 08:38:43 pop-os kernel: [    0.153731] pci 0000:00:02.7: reg 0x10: [mem 0xf9c1d000-0xf9c1dfff]
May 17 08:38:43 pop-os kernel: [    0.156388] pci 0000:00:03.0: [1b36:000c] type 01 class 0x060400
May 17 08:38:43 pop-os kernel: [    0.157475] pci 0000:00:03.0: reg 0x10: [mem 0xf9c1e000-0xf9c1efff]
May 17 08:38:43 pop-os kernel: [    0.162195] pci 0000:00:03.1: [1b36:000c] type 01 class 0x060400
May 17 08:38:43 pop-os kernel: [    0.163485] pci 0000:00:03.1: reg 0x10: [mem 0xf9c1f000-0xf9c1ffff]
May 17 08:38:43 pop-os kernel: [    0.165629] pci 0000:00:03.2: [1b36:000c] type 01 class 0x060400
May 17 08:38:43 pop-os kernel: [    0.166870] pci 0000:00:03.2: reg 0x10: [mem 0xf9c20000-0xf9c20fff]
May 17 08:38:43 pop-os kernel: [    0.169202] pci 0000:00:03.3: [1b36:000c] type 01 class 0x060400
May 17 08:38:43 pop-os kernel: [    0.170432] pci 0000:00:03.3: reg 0x10: [mem 0xf9c21000-0xf9c21fff]
May 17 08:38:43 pop-os kernel: [    0.176589] pci 0000:00:03.4: [1b36:000c] type 01 class 0x060400
May 17 08:38:43 pop-os kernel: [    0.177722] pci 0000:00:03.4: reg 0x10: [mem 0xf9c22000-0xf9c22fff]
May 17 08:38:43 pop-os kernel: [    0.180234] pci 0000:00:03.5: [1b36:000c] type 01 class 0x060400
May 17 08:38:43 pop-os kernel: [    0.181473] pci 0000:00:03.5: reg 0x10: [mem 0xf9c23000-0xf9c23fff]
May 17 08:38:43 pop-os kernel: [    0.189757] pci 0000:00:1b.0: [8086:293e] type 00 class 0x040300
May 17 08:38:43 pop-os kernel: [    0.190256] pci 0000:00:1b.0: reg 0x10: [mem 0xf9c10000-0xf9c13fff]
May 17 08:38:43 pop-os kernel: [    0.193542] pci 0000:00:1f.0: [8086:2918] type 00 class 0x060100
May 17 08:38:43 pop-os kernel: [    0.193877] pci 0000:00:1f.0: quirk: [io  0x0600-0x067f] claimed by ICH6 ACPI/GPIO/TCO
May 17 08:38:43 pop-os kernel: [    0.194046] pci 0000:00:1f.2: [8086:2922] type 00 class 0x010601
May 17 08:38:43 pop-os kernel: [    0.197403] pci 0000:00:1f.2: reg 0x20: [io  0xc060-0xc07f]
May 17 08:38:43 pop-os kernel: [    3.711476] systemd[1]: Listening on udev Control Socket.
May 17 08:38:43 pop-os kernel: [    3.711544] systemd[1]: Listening on udev Kernel Socket.
May 17 08:38:43 pop-os kernel: [    3.712207] systemd[1]: Mounting Huge Pages File System...
May 17 08:38:43 pop-os kernel: [    3.713202] systemd[1]: Mounting POSIX Message Queue File System...
May 17 08:38:43 pop-os kernel: [    3.714441] systemd[1]: Mounting Kernel Debug File System...
May 17 08:38:43 pop-os kernel: [    3.715844] systemd[1]: Mounting Kernel Trace File System...
May 17 08:38:43 pop-os kernel: [    3.718974] systemd[1]: Starting Journal Service...
May 17 08:38:43 pop-os kernel: [    3.719128] systemd[1]: Finished Availability of block devices.
May 17 08:38:43 pop-os kernel: [    3.720582] systemd[1]: Starting Set the console keyboard layout...
May 17 08:38:43 pop-os kernel: [    3.724604] systemd[1]: Starting Create List of Static Device Nodes...
May 17 08:38:43 pop-os kernel: [    3.725835] systemd[1]: Starting Monitoring of LVM2 mirrors, snapshots etc. using dmeventd or progress polling...
May 17 08:38:43 pop-os kernel: [    3.727134] systemd[1]: Starting Load Kernel Module configfs...
May 17 08:38:43 pop-os kernel: [    3.728440] systemd[1]: Starting Load Kernel Module drm...
May 17 08:38:43 pop-os kernel: [    3.731819] systemd[1]: Starting Load Kernel Module fuse...
May 17 08:38:43 pop-os kernel: [    3.732916] systemd[1]: Started Nameserver information manager.
May 17 08:38:43 pop-os kernel: [    3.735539] systemd[1]: Starting Load Kernel Modules...
May 17 08:38:43 pop-os kernel: [    3.737081] systemd[1]: Starting Remount Root and Kernel File Systems...
May 17 08:38:43 pop-os kernel: [    3.737991] systemd[1]: Starting Coldplug All udev Devices...
May 17 08:38:43 pop-os kernel: [    3.740015] systemd[1]: Mounted Huge Pages File System.
May 17 08:38:43 pop-os kernel: [    3.740204] systemd[1]: Mounted POSIX Message Queue File System.
May 17 08:38:43 pop-os kernel: [    3.740321] systemd[1]: Mounted Kernel Debug File System.
May 17 08:38:43 pop-os kernel: [    3.740444] systemd[1]: Mounted Kernel Trace File System.
May 17 08:38:43 pop-os kernel: [    3.743610] systemd[1]: Finished Create List of Static Device Nodes.
May 17 08:38:43 pop-os kernel: [    3.743957] systemd[1]: modprobe@configfs.service: Deactivated successfully.
May 17 08:38:43 pop-os kernel: [    3.744099] systemd[1]: Finished Load Kernel Module configfs.
May 17 08:38:43 pop-os kernel: [    3.744296] systemd[1]: modprobe@drm.service: Deactivated successfully.
May 17 08:38:43 pop-os kernel: [    3.744425] systemd[1]: Finished Load Kernel Module drm.
May 17 08:38:43 pop-os kernel: [    3.744633] systemd[1]: modprobe@fuse.service: Deactivated successfully.
May 17 08:38:43 pop-os kernel: [    3.753583] systemd[1]: Finished Load Kernel Module fuse.
May 17 08:38:43 pop-os kernel: [    3.756841] systemd[1]: Mounting FUSE Control File System...
May 17 08:38:43 pop-os kernel: [    3.759384] EXT4-fs (vda1): re-mounted. Opts: errors=remount-ro. Quota mode: none.
May 17 08:38:43 pop-os kernel: [    3.759578] systemd[1]: Mounting Kernel Configuration File System...
May 17 08:38:43 pop-os kernel: [    3.764296] lp: driver loaded but no devices found
May 17 08:38:43 pop-os kernel: [    3.765962] systemd[1]: Finished Remount Root and Kernel File Systems.
May 17 08:38:43 pop-os kernel: [    3.766240] systemd[1]: Mounted FUSE Control File System.
May 17 08:38:43 pop-os kernel: [    3.766374] systemd[1]: Mounted Kernel Configuration File System.
May 17 08:38:43 pop-os kernel: [    3.766475] systemd[1]: Condition check resulted in Platform Persistent Storage Archival being skipped.
May 17 08:38:43 pop-os kernel: [    3.767246] systemd[1]: Starting Load/Save Random Seed...
May 17 08:38:43 pop-os kernel: [    3.768304] systemd[1]: Starting Create System Users...
May 17 08:38:43 pop-os kernel: [    3.782805] ppdev: user-space parallel port driver
May 17 08:38:43 pop-os kernel: [    3.789170] systemd[1]: Finished Monitoring of LVM2 mirrors, snapshots etc. using dmeventd or progress polling.
May 17 08:38:43 pop-os kernel: [    3.796708] systemd[1]: Finished Load/Save Random Seed.
May 17 08:38:43 pop-os kernel: [    3.796959] systemd[1]: Condition check resulted in First Boot Complete being skipped.
May 17 08:38:43 pop-os kernel: [    3.797397] systemd[1]: Finished Load Kernel Modules.
May 17 08:38:43 pop-os kernel: [    3.803979] systemd[1]: Starting Apply Kernel Variables...
May 17 08:38:43 pop-os kernel: [    3.810551] systemd[1]: Finished Create System Users.
May 17 08:38:43 pop-os kernel: [    3.811614] systemd[1]: Starting Create Static Device Nodes in /dev...
May 17 08:38:43 pop-os kernel: [    3.823693] systemd[1]: Finished Apply Kernel Variables.
May 17 08:38:43 pop-os kernel: [    3.825963] systemd[1]: Finished Create Static Device Nodes in /dev.
May 17 08:38:43 pop-os kernel: [    3.827172] systemd[1]: Starting Rule-based Manager for Device Events and Files...
May 17 08:38:43 pop-os kernel: [    3.867862] systemd[1]: Started Journal Service.
May 17 08:38:43 pop-os kernel: [    3.882954] systemd-journald[362]: Received client request to flush runtime journal.
May 17 08:38:43 pop-os kernel: [    3.958223] audit: type=1400 audit(1652756922.820:2): apparmor="STATUS" operation="profile_load" profile="unconfined" name="nvidia_modprobe" pid=415 comm="apparmor_parser"
May 17 08:38:43 pop-os kernel: [    3.958227] audit: type=1400 audit(1652756922.820:3): apparmor="STATUS" operation="profile_load" profile="unconfined" name="nvidia_modprobe//kmod" pid=415 comm="apparmor_parser"
May 17 08:38:43 pop-os kernel: [    3.959929] audit: type=1400 audit(1652756922.820:4): apparmor="STATUS" operation="profile_load" profile="unconfined" name="lsb_release" pid=414 comm="apparmor_parser"
May 17 08:38:43 pop-os kernel: [    3.990592] audit: type=1400 audit(1652756922.852:5): apparmor="STATUS" operation="profile_load" profile="unconfined" name="/usr/lib/NetworkManager/nm-dhcp-client.action" pid=416 comm="apparmor_parser"
May 17 08:38:43 pop-os kernel: [    3.990596] audit: type=1400 audit(1652756922.852:6): apparmor="STATUS" operation="profile_load" profile="unconfined" name="/usr/lib/NetworkManager/nm-dhcp-helper" pid=416 comm="apparmor_parser"
May 17 08:38:43 pop-os kernel: [    3.990598] audit: type=1400 audit(1652756922.852:7): apparmor="STATUS" operation="profile_load" profile="unconfined" name="/usr/lib/connman/scripts/dhclient-script" pid=416 comm="apparmor_parser"
May 17 08:38:43 pop-os kernel: [    3.990599] audit: type=1400 audit(1652756922.852:8): apparmor="STATUS" operation="profile_load" profile="unconfined" name="/{,usr/}sbin/dhclient" pid=416 comm="apparmor_parser"
May 17 08:38:43 pop-os kernel: [    3.998422] audit: type=1400 audit(1652756922.860:9): apparmor="STATUS" operation="profile_load" profile="unconfined" name="/usr/bin/man" pid=441 comm="apparmor_parser"
May 17 08:38:43 pop-os kernel: [    3.998426] audit: type=1400 audit(1652756922.860:10): apparmor="STATUS" operation="profile_load" profile="unconfined" name="man_filter" pid=441 comm="apparmor_parser"
May 17 08:38:43 pop-os kernel: [    4.498843] RAPL PMU: API unit is 2^-32 Joules, 0 fixed counters, 10737418240 ms ovfl timer
May 17 08:38:43 pop-os kernel: [    4.746206] snd_hda_codec_generic hdaudioC0D0: autoconfig for Generic: line_outs=1 (0x3/0x0/0x0/0x0/0x0) type:line
May 17 08:38:43 pop-os kernel: [    4.746211] snd_hda_codec_generic hdaudioC0D0:    speaker_outs=0 (0x0/0x0/0x0/0x0/0x0)
May 17 08:38:43 pop-os kernel: [    4.746212] snd_hda_codec_generic hdaudioC0D0:    hp_outs=0 (0x0/0x0/0x0/0x0/0x0)
May 17 08:38:43 pop-os kernel: [    4.746213] snd_hda_codec_generic hdaudioC0D0:    mono: mono_out=0x0
May 17 08:38:43 pop-os kernel: [    4.746214] snd_hda_codec_generic hdaudioC0D0:    inputs:
May 17 08:38:43 pop-os kernel: [    4.746215] snd_hda_codec_generic hdaudioC0D0:      Line=0x5
May 17 08:38:43 pop-os kernel: [    4.798956] Adding 4193784k swap on /dev/mapper/cryptswap.  Priority:-2 extents:1 across:4193784k FS
May 17 08:38:43 pop-os systemd-modules-load[374]: Inserted module 'lp'
May 17 08:38:43 pop-os systemd-modules-load[374]: Inserted module 'ppdev'
May 17 08:38:43 pop-os systemd-modules-load[374]: Inserted module 'parport_pc'
May 17 08:38:43 pop-os systemd-modules-load[374]: Module 'ecryptfs' is built in
May 17 08:38:43 pop-os systemd-modules-load[374]: Inserted module 'msr'
May 17 08:38:43 pop-os systemd-sysctl[395]: Couldn't write '1' to 'kernel/unprivileged_userns_clone', ignoring: No such file or directory
May 17 08:38:43 pop-os systemd[1]: Starting Flush Journal to Persistent Storage...
May 17 08:38:43 pop-os systemd[1]: Finished Set the console keyboard layout.
May 17 08:38:43 pop-os systemd[1]: Reached target Preparation for Local File Systems.
May 17 08:38:43 pop-os systemd[1]: Reached target Local File Systems.
May 17 08:38:43 pop-os systemd[1]: Starting Load AppArmor profiles...
May 17 08:38:43 pop-os systemd[1]: Starting Set console font and keymap...
May 17 08:38:43 pop-os systemd[1]: Starting Create final runtime dir for shutdown pivot root...
May 17 08:38:43 pop-os systemd[1]: Starting Tell Plymouth To Write Out Runtime Data...
May 17 08:38:43 pop-os systemd[1]: Condition check resulted in Set Up Additional Binary Formats being skipped.
May 17 08:38:43 pop-os systemd[1]: Condition check resulted in Store a System Token in an EFI Variable being skipped.
May 17 08:38:43 pop-os systemd[1]: Condition check resulted in Commit a transient machine-id on disk being skipped.
May 17 08:38:43 pop-os systemd[1]: Starting Uncomplicated firewall...
May 17 08:38:43 pop-os systemd[1]: Finished Create final runtime dir for shutdown pivot root.
May 17 08:38:43 pop-os systemd[1]: Finished Set console font and keymap.
May 17 08:38:43 pop-os apparmor.systemd[400]: Restarting AppArmor
May 17 08:38:43 pop-os apparmor.systemd[400]: Reloading AppArmor profiles
May 17 08:38:43 pop-os systemd[1]: Finished Uncomplicated firewall.
May 17 08:38:43 pop-os mtp-probe: checking bus 1, device 2: "/sys/devices/pci0000:00/0000:00:02.1/0000:02:00.0/usb1/1-1"
May 17 08:38:43 pop-os apparmor.systemd[450]: Skipping profile in /etc/apparmor.d/disable: usr.sbin.rsyslogd
May 17 08:38:43 pop-os systemd[1]: Reached target Preparation for Network.
May 17 08:38:43 pop-os mtp-probe: bus: 1, device: 2 was not an MTP device
May 17 08:38:43 pop-os systemd[1]: Finished Coldplug All udev Devices.
May 17 08:38:43 pop-os systemd[1]: Starting Helper to synchronize boot up for ifupdown...
May 17 08:38:43 pop-os systemd[1]: Received SIGRTMIN+20 from PID 260 (plymouthd).
May 17 08:38:43 pop-os ifup[509]: /etc/network/if-up.d/resolved: 12: mystatedir: not found
May 17 08:38:43 pop-os systemd[1]: Finished Tell Plymouth To Write Out Runtime Data.
May 17 08:38:43 pop-os systemd[1]: Finished Helper to synchronize boot up for ifupdown.
May 17 08:38:43 pop-os systemd[1]: Started Rule-based Manager for Device Events and Files.
May 17 08:38:43 pop-os systemd[1]: Starting Show Plymouth Boot Screen...
May 17 08:38:43 pop-os systemd[1]: Started Show Plymouth Boot Screen.
May 17 08:38:43 pop-os systemd[1]: Condition check resulted in Dispatch Password Requests to Console Directory Watch being skipped.
May 17 08:38:43 pop-os systemd[1]: Started Forward Password Requests to Plymouth Directory Watch.
May 17 08:38:43 pop-os systemd[1]: Finished Load AppArmor profiles.
May 17 08:38:43 pop-os systemd[1]: Starting Raise network interfaces...
May 17 08:38:43 pop-os systemd[1]: Starting Load AppArmor profiles managed internally by snapd...
May 17 08:38:43 pop-os systemd[1]: Finished Load AppArmor profiles managed internally by snapd.
May 17 08:38:43 pop-os systemd-udevd[427]: Using default interface naming scheme 'v249'.
May 17 08:38:43 pop-os systemd[1]: Finished Flush Journal to Persistent Storage.
May 17 08:38:43 pop-os systemd[1]: Starting Create Volatile Files and Directories...
May 17 08:38:43 pop-os systemd[1]: Finished Raise network interfaces.
May 17 08:38:43 pop-os systemd-udevd[430]: vda: Process '/usr/bin/unshare -m /usr/bin/snap auto-import --mount=/dev/vda' failed with exit code 1.
May 17 08:38:43 pop-os systemd[1]: Finished Create Volatile Files and Directories.
May 17 08:38:43 pop-os systemd[1]: Starting Network Name Resolution...
May 17 08:38:43 pop-os systemd[1]: Starting Network Time Synchronization...
May 17 08:38:43 pop-os systemd[1]: Starting Record System Boot/Shutdown in UTMP...
May 17 08:38:43 pop-os systemd[1]: Finished Record System Boot/Shutdown in UTMP.
May 17 08:38:43 pop-os systemd-udevd[430]: vda1: Process '/usr/bin/unshare -m /usr/bin/snap auto-import --mount=/dev/vda1' failed with exit code 1.
May 17 08:38:43 pop-os systemd-udevd[427]: vda2: Process '/usr/bin/unshare -m /usr/bin/snap auto-import --mount=/dev/vda2' failed with exit code 1.
May 17 08:38:43 pop-os systemd[1]: Found device /dev/disk/by-uuid/c4e31cfc-b3ce-4271-b0c4-0a8e4a2d3c3a.
May 17 08:38:43 pop-os systemd[1]: Starting Cryptography Setup for cryptswap...
May 17 08:38:43 pop-os systemd-cryptsetup[544]: Set cipher aes, mode xts-plain64, key size 512 bits for device /dev/disk/by-uuid/c4e31cfc-b3ce-4271-b0c4-0a8e4a2d3c3a.
May 17 08:38:43 pop-os systemd[1]: Started Network Time Synchronization.
May 17 08:38:43 pop-os systemd[1]: Reached target System Time Set.
May 17 08:38:43 pop-os systemd[1]: Listening on Load/Save RF Kill Switch Status /dev/rfkill Watch.
May 17 08:38:43 pop-os systemd-resolved[536]: Positive Trust Anchors:
May 17 08:38:43 pop-os systemd-resolved[536]: . IN DS 20326 8 2 e06d44b80b8f1d39a95c0b0d7c65d08458e880409bbc683457104237c7f8ec8d
May 17 08:38:43 pop-os systemd-resolved[536]: Negative trust anchors: home.arpa 10.in-addr.arpa 16.172.in-addr.arpa 17.172.in-addr.arpa 18.172.in-addr.arpa 19.172.in-addr.arpa 20.172.in-addr.arpa 21.172.in-addr.arpa 22.172.in-addr.arpa 23.172.in-addr.arpa 24.172.in-addr.arpa 25.172.in-addr.arpa 26.172.in-addr.arpa 27.172.in-addr.arpa 28.172.in-addr.arpa 29.172.in-addr.arpa 30.172.in-addr.arpa 31.172.in-addr.arpa 168.192.in-addr.arpa d.f.ip6.arpa corp home internal intranet lan local private test
May 17 08:38:43 pop-os systemd-resolved[536]: Using system hostname 'pop-os'.
May 17 08:38:43 pop-os systemd[1]: Started Network Name Resolution.
May 17 08:38:43 pop-os systemd[1]: Reached target Host and Network Name Lookups.
May 17 08:38:43 pop-os systemd-udevd[434]: sr0: Process '/usr/bin/unshare -m /usr/bin/snap auto-import --mount=/dev/sr0' failed with exit code 1.
May 17 08:38:43 pop-os systemd-udevd[418]: dm-0: Process '/usr/bin/unshare -m /usr/bin/snap auto-import --mount=/dev/dm-0' failed with exit code 1.
May 17 08:38:43 pop-os systemd-makefs[600]: Setting up swapspace version 1, size = 4 GiB (4294434816 bytes)
May 17 08:38:43 pop-os systemd-makefs[600]: LABEL=cryptswap, UUID=e3adf35c-bd9d-4b92-a36d-25124a5f09b7
May 17 08:38:43 pop-os systemd[1]: Finished Cryptography Setup for cryptswap.
May 17 08:38:43 pop-os systemd[1]: Reached target Block Device Preparation for /dev/mapper/cryptswap.
May 17 08:38:43 pop-os systemd[1]: Reached target Local Encrypted Volumes.
May 17 08:38:43 pop-os systemd[1]: Condition check resulted in Dispatch Password Requests to Console Directory Watch being skipped.
May 17 08:38:43 pop-os systemd[1]: Condition check resulted in Set Up Additional Binary Formats being skipped.
May 17 08:38:43 pop-os systemd[1]: Condition check resulted in Store a System Token in an EFI Variable being skipped.
May 17 08:38:43 pop-os systemd[1]: Condition check resulted in Commit a transient machine-id on disk being skipped.
May 17 08:38:43 pop-os systemd[1]: Condition check resulted in Platform Persistent Storage Archival being skipped.
May 17 08:38:43 pop-os systemd[1]: Found device /dev/mapper/cryptswap.
May 17 08:38:43 pop-os systemd[1]: Activating swap /dev/mapper/cryptswap...
May 17 08:38:43 pop-os systemd[1]: Activated swap /dev/mapper/cryptswap.
May 17 08:38:43 pop-os systemd[1]: Reached target Swaps.
May 17 08:38:43 pop-os systemd[1]: Reached target System Initialization.
May 17 08:38:43 pop-os systemd[1]: Started ACPI Events Check.
May 17 08:38:43 pop-os systemd[1]: Condition check resulted in Process error reports when automatic reporting is enabled (file watch) being skipped.
May 17 08:38:43 pop-os systemd[1]: Started CUPS Scheduler.
May 17 08:38:43 pop-os systemd[1]: Started resolvconf-pull-resolved.path.
May 17 08:38:43 pop-os systemd[1]: Started Trigger to poll for Ubuntu Pro licenses (Only enabled on GCP LTS non-pro).
May 17 08:38:43 pop-os systemd[1]: Started Start whoopsie on modification of the /var/crash directory.
May 17 08:38:43 pop-os systemd[1]: Condition check resulted in Process error reports when automatic reporting is enabled (timer based) being skipped.
May 17 08:38:43 pop-os systemd[1]: Started Daily apt download activities.
May 17 08:38:43 pop-os systemd[1]: Started Daily apt upgrade and clean activities.
May 17 08:38:43 pop-os systemd[1]: Started Daily dpkg database backup timer.
May 17 08:38:43 pop-os systemd[1]: Started Periodic ext4 Online Metadata Check for All Filesystems.
May 17 08:38:43 pop-os systemd[1]: Started Discard unused blocks once a week.
May 17 08:38:43 pop-os systemd[1]: Started Refresh fwupd metadata regularly.
May 17 08:38:43 pop-os systemd[1]: Started Daily rotation of log files.
May 17 08:38:43 pop-os systemd[1]: Started Daily man-db regeneration.
May 17 08:38:43 pop-os systemd[1]: Started Message of the Day.
May 17 08:38:43 pop-os systemd[1]: Condition check resulted in Timer to automatically fetch and run repair assertions being skipped.
May 17 08:38:43 pop-os systemd[1]: Started Daily Cleanup of Temporary Directories.
May 17 08:38:43 pop-os systemd[1]: Started Ubuntu Advantage Timer for running repeated jobs.
May 17 08:38:43 pop-os systemd[1]: Reached target Path Units.
May 17 08:38:43 pop-os systemd[1]: Reached target Timer Units.
May 17 08:38:43 pop-os systemd[1]: Listening on ACPID Listen Socket.
May 17 08:38:43 pop-os systemd[1]: Condition check resulted in Unix socket for apport crash forwarding being skipped.
May 17 08:38:43 pop-os systemd[1]: Listening on Avahi mDNS/DNS-SD Stack Activation Socket.
May 17 08:38:43 pop-os systemd[1]: Listening on CUPS Scheduler.
May 17 08:38:43 pop-os systemd[1]: Listening on D-Bus System Message Bus Socket.
May 17 08:38:43 pop-os systemd[1]: Starting Docker Socket for the API...
May 17 08:38:43 pop-os systemd[1]: Starting Socket activation for snappy daemon...
May 17 08:38:43 pop-os systemd[1]: Listening on UUID daemon activation socket.
May 17 08:38:43 pop-os systemd[1]: Listening on Socket activation for snappy daemon.
May 17 08:38:43 pop-os systemd[1]: Listening on Docker Socket for the API.
May 17 08:38:43 pop-os systemd[1]: Reached target Socket Units.
May 17 08:38:43 pop-os systemd[1]: Reached target Basic System.
May 17 08:38:43 pop-os systemd[1]: Starting Accounts Service...
May 17 08:38:43 pop-os systemd[1]: Started ACPI event daemon.
May 17 08:38:43 pop-os systemd[1]: Starting LSB: automatic crash report generation...
May 17 08:38:43 pop-os systemd[1]: Starting Avahi mDNS/DNS-SD Stack...
May 17 08:38:43 pop-os systemd[1]: Starting System76 Power Daemon...
May 17 08:38:43 pop-os systemd[1]: Starting Automatically configure CPU scheduler for responsiveness on AC...
May 17 08:38:43 pop-os systemd[1]: Started Regular background program processing daemon.
May 17 08:38:43 pop-os systemd[1]: Started D-Bus System Message Bus.
May 17 08:38:43 pop-os systemd[1]: Starting Network Manager...
May 17 08:38:43 pop-os cron[615]: (CRON) INFO (pidfile fd = 3)
May 17 08:38:43 pop-os systemd[1]: Started Save initial kernel messages after boot.
May 17 08:38:43 pop-os avahi-daemon[611]: Found user 'avahi' (UID 113) and group 'avahi' (GID 119).
May 17 08:38:43 pop-os systemd[1]: Starting Remove Stale Online ext4 Metadata Check Snapshots...
May 17 08:38:43 pop-os systemd[1]: Condition check resulted in getty on tty2-tty6 if dbus and logind are not available being skipped.
May 17 08:38:43 pop-os systemd[1]: Reached target Login Prompts.
May 17 08:38:43 pop-os systemd[1]: Starting Detect the available GPUs and deal with any system changes...
May 17 08:38:43 pop-os systemd[1]: Starting Record successful boot for GRUB...
May 17 08:38:43 pop-os cron[615]: (CRON) INFO (Running @reboot jobs)
May 17 08:38:43 pop-os systemd[1]: Starting Dispatcher daemon for systemd-networkd...
May 17 08:38:43 pop-os systemd[1]: Starting Authorization Manager...
May 17 08:38:43 pop-os systemd[1]: Starting resolvconf-pull-resolved.service...
May 17 08:38:43 pop-os systemd[1]: Starting System Logging Service...
May 17 08:38:43 pop-os systemd[1]: Condition check resulted in Secure Boot updates for DB and DBX being skipped.
May 17 08:38:43 pop-os systemd[1]: Condition check resulted in Automatically repair incorrect owner/permissions on core devices being skipped.
May 17 08:38:43 pop-os systemd[1]: Condition check resulted in Wait for the Ubuntu Core chooser trigger being skipped.
May 17 08:38:43 pop-os system76-power[612]: [INFO] Starting daemon
May 17 08:38:43 pop-os system76-power[612]: [INFO] Connecting to dbus system bus
May 17 08:38:43 pop-os systemd[1]: Starting Snap Daemon...
May 17 08:38:43 pop-os systemd[1]: Starting Switcheroo Control Proxy service...
May 17 08:38:43 pop-os systemd[1]: Starting User Login Management...
May 17 08:38:43 pop-os systemd[1]: Condition check resulted in Thermal Daemon Service being skipped.
May 17 08:38:43 pop-os systemd[1]: Started Touchgg Daemon.
May 17 08:38:43 pop-os systemd[1]: Condition check resulted in Ubuntu Advantage reboot cmds being skipped.
May 17 08:38:43 pop-os systemd[1]: Starting Disk Manager...
May 17 08:38:43 pop-os systemd[1]: Starting WPA supplicant...
May 17 08:38:43 pop-os systemd[1]: Starting Rotate log files...
May 17 08:38:43 pop-os avahi-daemon[611]: Successfully dropped root privileges.
May 17 08:38:43 pop-os avahi-daemon[611]: avahi-daemon 0.8 starting up.
May 17 08:38:43 pop-os apport[608]:  * Starting automatic crash report generation: apport
May 17 08:38:43 pop-os apport[608]:    ...done.
May 17 08:38:43 pop-os systemd[1]: Started LSB: automatic crash report generation.
May 17 08:38:43 pop-os acpid: starting up with netlink and the input layer
May 17 08:38:43 pop-os sh[672]: /etc/resolvconf/update.d/libc: Warning: /etc/resolv.conf is not a symbolic link to /run/resolvconf/resolv.conf
May 17 08:38:43 pop-os dbus-daemon[616]: dbus[616]: Unknown group "power" in message bus configuration file
May 17 08:38:43 pop-os systemd[1]: Started System Logging Service.
May 17 08:38:43 pop-os rsyslogd: imuxsock: Acquired UNIX socket '/run/systemd/journal/syslog' (fd 3) from systemd.  [v8.2112.0]
May 17 08:38:43 pop-os rsyslogd: rsyslogd's groupid changed to 111
May 17 08:38:43 pop-os rsyslogd: rsyslogd's userid changed to 104
May 17 08:38:43 pop-os rsyslogd: [origin software="rsyslogd" swVersion="8.2112.0" x-pid="625" x-info="https://www.rsyslog.com"] start
May 17 08:38:43 pop-os udisksd[636]: udisks daemon version 2.9.4 starting
May 17 08:38:43 pop-os acpid: 8 rules loaded
May 17 08:38:43 pop-os systemd[1]: e2scrub_reap.service: Deactivated successfully.
May 17 08:38:43 pop-os acpid: waiting for events: event logging is off
May 17 08:38:43 pop-os systemd[1]: Finished Remove Stale Online ext4 Metadata Check Snapshots.
May 17 08:38:43 pop-os NetworkManager[617]: <info>  [1652756923.8871] NetworkManager (version 1.36.4) is starting... (for the first time)
May 17 08:38:43 pop-os NetworkManager[617]: <info>  [1652756923.8874] Read config: /etc/NetworkManager/NetworkManager.conf (lib: 10-dns-resolved.conf, 20-connectivity-pop.conf, no-mac-addr-change.conf) (etc: 10-globally-managed-devices.conf, 10-ubuntu-fan.conf, default-wifi-powersave-on.conf)
May 17 08:38:43 pop-os systemd[1]: resolvconf-pull-resolved.service: Deactivated successfully.
May 17 08:38:43 pop-os systemd[1]: Finished resolvconf-pull-resolved.service.
May 17 08:38:43 pop-os systemd[1]: gpu-manager.service: Deactivated successfully.
May 17 08:38:43 pop-os systemd[1]: Finished Detect the available GPUs and deal with any system changes.
May 17 08:38:43 pop-os system76-power[612]: [INFO] Rescanning PCI bus
May 17 08:38:43 pop-os dbus-daemon[616]: [system] Successfully activated service 'org.freedesktop.systemd1'
May 17 08:38:43 pop-os systemd[1]: grub-common.service: Deactivated successfully.
May 17 08:38:43 pop-os systemd[1]: Finished Record successful boot for GRUB.
May 17 08:38:43 pop-os systemd[1]: Starting GRUB failed boot detection...
May 17 08:38:43 pop-os systemd[1]: Started User Login Management.
May 17 08:38:43 pop-os systemd[1]: Started Avahi mDNS/DNS-SD Stack.
May 17 08:38:43 pop-os systemd[1]: Started WPA supplicant.
May 17 08:38:43 pop-os avahi-daemon[611]: Successfully called chroot().
May 17 08:38:43 pop-os avahi-daemon[611]: Successfully dropped remaining capabilities.
May 17 08:38:43 pop-os wpa_supplicant[637]: Successfully initialized wpa_supplicant
May 17 08:38:43 pop-os avahi-daemon[611]: No service file found in /etc/avahi/services.
May 17 08:38:43 pop-os avahi-daemon[611]: Joining mDNS multicast group on interface lo.IPv6 with address ::1.
May 17 08:38:43 pop-os avahi-daemon[611]: New relevant interface lo.IPv6 for mDNS.
May 17 08:38:43 pop-os avahi-daemon[611]: Joining mDNS multicast group on interface lo.IPv4 with address 127.0.0.1.
May 17 08:38:43 pop-os avahi-daemon[611]: New relevant interface lo.IPv4 for mDNS.
May 17 08:38:43 pop-os avahi-daemon[611]: Network interface enumeration completed.
May 17 08:38:43 pop-os avahi-daemon[611]: Registering new address record for ::1 on lo.*.
May 17 08:38:43 pop-os avahi-daemon[611]: Registering new address record for 127.0.0.1 on lo.IPv4.
May 17 08:38:44 pop-os systemd[1]: Started Network Manager.
May 17 08:38:44 pop-os polkitd[623]: started daemon version 0.105 using authority implementation `local' version `0.105'
May 17 08:38:44 pop-os systemd[1]: Reached target Network.
May 17 08:38:44 pop-os systemd[1]: Starting Network Manager Wait Online...
May 17 08:38:44 pop-os systemd[1]: Starting containerd container runtime...
May 17 08:38:44 pop-os systemd[1]: Starting CUPS Scheduler...
May 17 08:38:44 pop-os dbus-daemon[616]: [system] Activating via systemd: service name='org.freedesktop.hostname1' unit='dbus-org.freedesktop.hostname1.service' requested by ':1.11' (uid=0 pid=617 comm="/usr/sbin/NetworkManager --no-daemon ")
May 17 08:38:44 pop-os systemd[1]: Starting OpenVPN service...
May 17 08:38:44 pop-os systemd[1]: Starting Permit User Sessions...
May 17 08:38:44 pop-os systemd[1]: Finished OpenVPN service.
May 17 08:38:44 pop-os NetworkManager[617]: <info>  [1652756923.9951] bus-manager: acquired D-Bus service "org.freedesktop.NetworkManager"
May 17 08:38:44 pop-os systemd[1]: Finished Permit User Sessions.
May 17 08:38:44 pop-os systemd[1]: Starting GNOME Display Manager...
May 17 08:38:44 pop-os systemd[1]: Starting Hold until boot process finishes up...
May 17 08:38:44 pop-os systemd[1]: Started Switcheroo Control Proxy service.
May 17 08:38:44 pop-os systemd[1]: Condition check resulted in Manage Sound Card State (restore and store) being skipped.
May 17 08:38:44 pop-os systemd[1]: Starting Save/Restore Sound Card State...
May 17 08:38:44 pop-os systemd[1]: Started Automatically configure CPU scheduler for responsiveness on AC.
May 17 08:38:44 pop-os systemd[1]: Started Authorization Manager.
May 17 08:38:44 pop-os systemd[1]: Starting Modem Manager...
May 17 08:38:44 pop-os NetworkManager[617]: <info>  [1652756924.0303] manager[0x55775ad98030]: monitoring kernel firmware directory '/lib/firmware'.
May 17 08:38:44 pop-os NetworkManager[617]: <info>  [1652756924.0304] monitoring ifupdown state file '/run/network/ifstate'.
May 17 08:38:44 pop-os systemd[1]: Finished Save/Restore Sound Card State.
May 17 08:38:44 pop-os systemd[1]: Reached target Sound Card.
May 17 08:38:44 pop-os dbus-daemon[616]: [system] Activating via systemd: service name='org.freedesktop.UPower' unit='upower.service' requested by ':1.10' (uid=0 pid=614 comm="/usr/bin/system76-scheduler daemon ")
May 17 08:38:44 pop-os systemd[1]: Starting Hostname Service...
May 17 08:38:44 pop-os systemd[1]: Starting Daemon for power management...
May 17 08:38:44 pop-os systemd[1]: grub-initrd-fallback.service: Deactivated successfully.
May 17 08:38:44 pop-os systemd[1]: Finished GRUB failed boot detection.
May 17 08:38:44 pop-os systemd[1]: cups.service: Deactivated successfully.
May 17 08:38:44 pop-os systemd[1]: Stopped CUPS Scheduler.
May 17 08:38:44 pop-os systemd[1]: cups.path: Deactivated successfully.
May 17 08:38:44 pop-os snapd[631]: AppArmor status: apparmor is enabled but some kernel features are missing: dbus, network
May 17 08:38:44 pop-os systemd[1]: Stopped CUPS Scheduler.
May 17 08:38:44 pop-os systemd[1]: Stopping CUPS Scheduler...
May 17 08:38:44 pop-os systemd[1]: Started CUPS Scheduler.
May 17 08:38:44 pop-os touchegg[635]: Touchgg v2.0.12.
May 17 08:38:44 pop-os touchegg[635]: Starting Touchgg in daemon mode
May 17 08:38:44 pop-os touchegg[635]: Starting daemon server...
May 17 08:38:44 pop-os touchegg[635]: Generating D-Bus introspection data
May 17 08:38:44 pop-os touchegg[635]: Creating D-Bus server
May 17 08:38:44 pop-os touchegg[635]: Server started at address unix:abstract=touchegg
May 17 08:38:44 pop-os touchegg[635]: A list of detected compatible devices will be displayed below:
May 17 08:38:44 pop-os systemd[1]: cups.socket: Deactivated successfully.
May 17 08:38:44 pop-os systemd[1]: Closed CUPS Scheduler.
May 17 08:38:44 pop-os ModemManager[725]: <info>  ModemManager (version 1.18.6) starting in system bus...
May 17 08:38:44 pop-os systemd[1]: Stopping CUPS Scheduler...
May 17 08:38:44 pop-os systemd[1]: Listening on CUPS Scheduler.
May 17 08:38:44 pop-os systemd[1]: Starting CUPS Scheduler...
May 17 08:38:44 pop-os dbus-daemon[616]: [system] Successfully activated service 'org.freedesktop.UPower'
May 17 08:38:44 pop-os systemd[1]: Started Daemon for power management.
May 17 08:38:44 pop-os system76-power[612]: [INFO] 0000:00:01.0: Other(1B36) graphics
May 17 08:38:44 pop-os system76-power[612]: [INFO] 0000:00:01.0: Function for 0000:00:01.0
May 17 08:38:44 pop-os system76-power[612]: [INFO] Disabling NMI Watchdog (for kernel debugging only)
May 17 08:38:44 pop-os system76-power[612]: [INFO] Setting graphics power
May 17 08:38:44 pop-os system76-power[612]: [WARN] Failed to set graphics power: does not have switchable graphics
May 17 08:38:44 pop-os system76-power[612]: [INFO] Initializing with the balanced profile
May 17 08:38:44 pop-os system76-power[612]: [INFO] Registering dbus name com.system76.PowerDaemon
May 17 08:38:44 pop-os systemd[1]: Started System76 Power Daemon.
May 17 08:38:44 pop-os system76-power[612]: [INFO] Adding dbus path /com/system76/PowerDaemon with interface com.system76.PowerDaemon
May 17 08:38:44 pop-os system76-power[612]: [ERROR] fan daemon: platform hwmon not found
May 17 08:38:44 pop-os system76-power[612]: [INFO] Handling dbus requests
May 17 08:38:44 pop-os system76-power[612]: [ERROR] hid_backlight: no system76_acpi::kbd_backlight led
May 17 08:38:44 pop-os udisksd[636]: Error probing device: Error sending ATA command IDENTIFY PACKET DEVICE to '/dev/sr0': Unexpected sense data returned:#0120000: 70 00 05 00  00 00 00 0a  00 58 00 01  21 04 00 00    p........X..!...#0120010: 00 00 00 00  00 00 00 00  00 00 00 00  00 00 00 00    ................#012 (g-io-error-quark, 0)
May 17 08:38:44 pop-os snapd[631]: overlord.go:263: Acquiring state lock file
May 17 08:38:44 pop-os snapd[631]: overlord.go:268: Acquired state lock file
May 17 08:38:44 pop-os dbus-daemon[616]: [system] Successfully activated service 'org.freedesktop.hostname1'
May 17 08:38:44 pop-os systemd[1]: Started Hostname Service.
May 17 08:38:44 pop-os NetworkManager[617]: <info>  [1652756924.2526] hostname: hostname: using hostnamed
May 17 08:38:44 pop-os NetworkManager[617]: <info>  [1652756924.2526] hostname: static hostname changed from (none) to "pop-os"
May 17 08:38:44 pop-os NetworkManager[617]: <info>  [1652756924.2548] dns-mgr[0x55775ad752a0]: init: dns=systemd-resolved rc-manager=unmanaged (auto), plugin=systemd-resolved
May 17 08:38:44 pop-os NetworkManager[617]: <info>  [1652756924.2562] manager[0x55775ad98030]: rfkill: Wi-Fi hardware radio set enabled
May 17 08:38:44 pop-os NetworkManager[617]: <info>  [1652756924.2562] manager[0x55775ad98030]: rfkill: WWAN hardware radio set enabled
May 17 08:38:44 pop-os systemd[1]: Started GNOME Display Manager.
May 17 08:38:44 pop-os NetworkManager[617]: <info>  [1652756924.2668] Loaded device plugin: NMAtmManager (/usr/lib/x86_64-linux-gnu/NetworkManager/1.36.4/libnm-device-plugin-adsl.so)
May 17 08:38:44 pop-os NetworkManager[617]: <info>  [1652756924.2704] Loaded device plugin: NMWifiFactory (/usr/lib/x86_64-linux-gnu/NetworkManager/1.36.4/libnm-device-plugin-wifi.so)
May 17 08:38:44 pop-os NetworkManager[617]: <info>  [1652756924.2749] Loaded device plugin: NMWwanFactory (/usr/lib/x86_64-linux-gnu/NetworkManager/1.36.4/libnm-device-plugin-wwan.so)
May 17 08:38:44 pop-os NetworkManager[617]: <info>  [1652756924.2815] Loaded device plugin: NMTeamFactory (/usr/lib/x86_64-linux-gnu/NetworkManager/1.36.4/libnm-device-plugin-team.so)
May 17 08:38:44 pop-os systemd[1]: Started Modem Manager.
May 17 08:38:44 pop-os systemd[1]: Started CUPS Scheduler.
May 17 08:38:44 pop-os systemd[1]: Received SIGRTMIN+21 from PID 260 (plymouthd).
May 17 08:38:44 pop-os kernel: [    5.417552] kauditd_printk_skb: 20 callbacks suppressed
May 17 08:38:44 pop-os kernel: [    5.417555] audit: type=1400 audit(1652756924.280:31): apparmor="DENIED" operation="capable" profile="/usr/sbin/cupsd" pid=759 comm="cupsd" capability=12  capname="net_admin"
May 17 08:38:44 pop-os dbus-daemon[616]: [system] Activating via systemd: service name='org.freedesktop.Accounts' unit='accounts-daemon.service' requested by ':1.17' (uid=0 pid=769 comm="/usr/sbin/gdm3 ")
May 17 08:38:44 pop-os NetworkManager[617]: <info>  [1652756924.2904] Loaded device plugin: NMBluezManager (/usr/lib/x86_64-linux-gnu/NetworkManager/1.36.4/libnm-device-plugin-bluetooth.so)
May 17 08:38:44 pop-os NetworkManager[617]: <info>  [1652756924.2914] manager: rfkill: Wi-Fi enabled by radio killswitch; enabled by state file
May 17 08:38:44 pop-os NetworkManager[617]: <info>  [1652756924.2917] manager: rfkill: WWAN enabled by radio killswitch; enabled by state file
May 17 08:38:44 pop-os NetworkManager[617]: <info>  [1652756924.2920] manager: Networking is enabled by state file
May 17 08:38:44 pop-os dbus-daemon[616]: [system] Activating via systemd: service name='org.freedesktop.nm_dispatcher' unit='dbus-org.freedesktop.nm-dispatcher.service' requested by ':1.11' (uid=0 pid=617 comm="/usr/sbin/NetworkManager --no-daemon ")
May 17 08:38:44 pop-os NetworkManager[617]: <info>  [1652756924.2960] settings: Loaded settings plugin: ifupdown ("/usr/lib/x86_64-linux-gnu/NetworkManager/1.36.4/libnm-settings-plugin-ifupdown.so")
May 17 08:38:44 pop-os NetworkManager[617]: <info>  [1652756924.2966] settings: Loaded settings plugin: keyfile (internal)
May 17 08:38:44 pop-os NetworkManager[617]: <info>  [1652756924.2969] ifupdown: management mode: unmanaged
May 17 08:38:44 pop-os NetworkManager[617]: <info>  [1652756924.2971] ifupdown:       interface-parser: parsing file /etc/network/interfaces
May 17 08:38:44 pop-os NetworkManager[617]: <info>  [1652756924.2972] ifupdown:       interface-parser: source line includes interfaces file(s) /etc/network/interfaces.d/*
May 17 08:38:44 pop-os NetworkManager[617]: <info>  [1652756924.2974] ifupdown: interfaces file /etc/network/interfaces.d/* doesn't exist
May 17 08:38:44 pop-os NetworkManager[617]: <info>  [1652756924.2976] ifupdown:       interface-parser: finished parsing file /etc/network/interfaces
May 17 08:38:44 pop-os systemd[1]: Starting Network Manager Script Dispatcher Service...
May 17 08:38:44 pop-os NetworkManager[617]: <info>  [1652756924.3056] dhcp-init: Using DHCP client 'internal'
May 17 08:38:44 pop-os NetworkManager[617]: <info>  [1652756924.3058] device (lo): carrier: link connected
May 17 08:38:44 pop-os systemd[1]: logrotate.service: Deactivated successfully.
May 17 08:38:44 pop-os systemd[1]: Finished Rotate log files.
May 17 08:38:44 pop-os NetworkManager[617]: <info>  [1652756924.3262] manager: (lo): new Generic device (/org/freedesktop/NetworkManager/Devices/1)
May 17 08:38:44 pop-os dbus-daemon[616]: [system] Successfully activated service 'org.freedesktop.nm_dispatcher'
May 17 08:38:44 pop-os systemd[1]: Started Network Manager Script Dispatcher Service.
May 17 08:38:44 pop-os NetworkManager[617]: <info>  [1652756924.3498] manager: (enp1s0): new Ethernet device (/org/freedesktop/NetworkManager/Devices/2)
May 17 08:38:44 pop-os kernel: [    5.481550] Dynamic Preempt: full
May 17 08:38:44 pop-os NetworkManager[617]: <info>  [1652756924.3619] settings: (enp1s0): created default wired connection 'Wired connection 1'
May 17 08:38:44 pop-os NetworkManager[617]: <info>  [1652756924.3621] device (enp1s0): state change: unmanaged -> unavailable (reason 'managed', sys-iface-state: 'external')
May 17 08:38:44 pop-os NetworkManager[617]: <info>  [1652756924.3684] device (enp1s0): carrier: link connected
May 17 08:38:44 pop-os systemd[1]: Started Disk Manager.
May 17 08:38:44 pop-os udisksd[636]: Acquired the name org.freedesktop.UDisks2 on the system message bus
May 17 08:38:44 pop-os snapd[631]: daemon.go:247: started snapd/2.55.3+22.04ubuntu1 (series 16; classic; devmode) pop/22.04 (amd64) linux/5.16.15-76051615-generic.
May 17 08:38:44 pop-os kernel: [    5.538668] Dynamic Preempt: full
May 17 08:38:44 pop-os NetworkManager[617]: <info>  [1652756924.4104] device (enp1s0): state change: unavailable -> disconnected (reason 'none', sys-iface-state: 'managed')
May 17 08:38:44 pop-os NetworkManager[617]: <info>  [1652756924.4148] modem-manager: ModemManager available
May 17 08:38:44 pop-os NetworkManager[617]: <info>  [1652756924.4148] policy: auto-activating connection 'Wired connection 1' (7aea09f1-ff48-3eb5-8bee-cf9fcfc6c87b)
May 17 08:38:44 pop-os NetworkManager[617]: <info>  [1652756924.4174] device (enp1s0): Activation: starting connection 'Wired connection 1' (7aea09f1-ff48-3eb5-8bee-cf9fcfc6c87b)
May 17 08:38:44 pop-os NetworkManager[617]: <info>  [1652756924.4175] device (enp1s0): state change: disconnected -> prepare (reason 'none', sys-iface-state: 'managed')
May 17 08:38:44 pop-os NetworkManager[617]: <info>  [1652756924.4199] manager: NetworkManager state is now CONNECTING
May 17 08:38:44 pop-os NetworkManager[617]: <info>  [1652756924.4201] device (enp1s0): state change: prepare -> config (reason 'none', sys-iface-state: 'managed')
May 17 08:38:44 pop-os NetworkManager[617]: <info>  [1652756924.4212] device (enp1s0): state change: config -> ip-config (reason 'none', sys-iface-state: 'managed')
May 17 08:38:44 pop-os NetworkManager[617]: <info>  [1652756924.4260] dhcp4 (enp1s0): activation: beginning transaction (timeout in 45 seconds)
May 17 08:38:44 pop-os kernel: [    5.564449] loop0: detected capacity change from 0 to 8
May 17 08:38:44 pop-os NetworkManager[617]: <info>  [1652756924.4493] dhcp4 (enp1s0): state changed new lease, address=192.168.122.230
May 17 08:38:44 pop-os avahi-daemon[611]: Joining mDNS multicast group on interface enp1s0.IPv4 with address 192.168.122.230.
May 17 08:38:44 pop-os avahi-daemon[611]: New relevant interface enp1s0.IPv4 for mDNS.
May 17 08:38:44 pop-os avahi-daemon[611]: Registering new address record for 192.168.122.230 on enp1s0.IPv4.
May 17 08:38:44 pop-os avahi-daemon[611]: Joining mDNS multicast group on interface enp1s0.IPv6 with address fe80::2e40:d9c3:e9e:4f0f.
May 17 08:38:44 pop-os avahi-daemon[611]: New relevant interface enp1s0.IPv6 for mDNS.
May 17 08:38:44 pop-os avahi-daemon[611]: Registering new address record for fe80::2e40:d9c3:e9e:4f0f on enp1s0.*.
May 17 08:38:44 pop-os containerd[736]: time="2022-05-17T08:38:44.451401638+05:30" level=info msg="starting containerd" revision= version=1.5.9-0ubuntu3
May 17 08:38:44 pop-os NetworkManager[617]: <info>  [1652756924.4534] device (enp1s0): state change: ip-config -> ip-check (reason 'none', sys-iface-state: 'managed')
May 17 08:38:44 pop-os systemd[1]: tmp-sanity\x2dmountpoint\x2d1151166538.mount: Deactivated successfully.
May 17 08:38:44 pop-os NetworkManager[617]: <info>  [1652756924.4621] device (enp1s0): state change: ip-check -> secondaries (reason 'none', sys-iface-state: 'managed')
May 17 08:38:44 pop-os NetworkManager[617]: <info>  [1652756924.4627] device (enp1s0): state change: secondaries -> activated (reason 'none', sys-iface-state: 'managed')
May 17 08:38:44 pop-os NetworkManager[617]: <info>  [1652756924.4632] manager: NetworkManager state is now CONNECTED_LOCAL
May 17 08:38:44 pop-os NetworkManager[617]: <info>  [1652756924.4640] manager: NetworkManager state is now CONNECTED_SITE
May 17 08:38:44 pop-os NetworkManager[617]: <info>  [1652756924.4643] policy: set 'Wired connection 1' (enp1s0) as default for IPv4 routing and DNS
May 17 08:38:44 pop-os NetworkManager[617]: <info>  [1652756924.4661] device (enp1s0): Activation: successful, device activated.
May 17 08:38:44 pop-os systemd-resolved[536]: enp1s0: Bus client set default route setting: yes
May 17 08:38:44 pop-os systemd-resolved[536]: enp1s0: Bus client set DNS server list to: 192.168.122.1
May 17 08:38:44 pop-os NetworkManager[617]: <info>  [1652756924.4682] manager: startup complete
May 17 08:38:44 pop-os systemd[1]: Finished Network Manager Wait Online.
May 17 08:38:44 pop-os systemd[1]: Reached target Network is Online.
May 17 08:38:44 pop-os networkd-dispatcher[622]: No valid path found for iw
May 17 08:38:44 pop-os snapd[631]: daemon.go:340: adjusting startup timeout by 30s (pessimistic estimate of 30s plus 5s per snap)
May 17 08:38:44 pop-os systemd[1]: Starting Distribution updater...
May 17 08:38:44 pop-os systemd[1]: Started Make remote CUPS printers available locally.
May 17 08:38:44 pop-os systemd[1]: Starting Ubuntu FAN network setup...
May 17 08:38:44 pop-os dbus-daemon[616]: [system] Activating via systemd: service name='org.freedesktop.network1' unit='dbus-org.freedesktop.network1.service' requested by ':1.20' (uid=0 pid=812 comm="/usr/bin/networkctl list --no-pager --no-legend ")
May 17 08:38:44 pop-os systemd[1]: Started crash report submission.
May 17 08:38:44 pop-os dbus-daemon[616]: [system] Activation via systemd failed for unit 'dbus-org.freedesktop.network1.service': Unit dbus-org.freedesktop.network1.service not found.
May 17 08:38:44 pop-os networkd-dispatcher[812]: WARNING: systemd-networkd is not running, output will be incomplete.
May 17 08:38:44 pop-os dbus-daemon[616]: [system] Activating via systemd: service name='org.freedesktop.network1' unit='dbus-org.freedesktop.network1.service' requested by ':1.22' (uid=0 pid=824 comm="networkctl ")
May 17 08:38:44 pop-os systemd[1]: Started Dispatcher daemon for systemd-networkd.
May 17 08:38:44 pop-os dbus-daemon[616]: [system] Activation via systemd failed for unit 'dbus-org.freedesktop.network1.service': Unit dbus-org.freedesktop.network1.service not found.
May 17 08:38:44 pop-os systemd[1]: Finished Ubuntu FAN network setup.
May 17 08:38:44 pop-os whoopsie[816]: [08:38:44] Using lock path: /var/lock/whoopsie/lock
May 17 08:38:44 pop-os systemd[1]: whoopsie.service: Deactivated successfully.
May 17 08:38:44 pop-os nm-dispatcher[832]: /etc/network/if-up.d/resolved: 12: mystatedir: not found
May 17 08:38:44 pop-os pop-system-updater[813]: #033[32m INFO#033[0m #033[2mpop_system_updater::service::system#033[0m#033[2m:#033[0m initiating system service
May 17 08:38:44 pop-os containerd[736]: time="2022-05-17T08:38:44.572692001+05:30" level=info msg="loading plugin \"io.containerd.content.v1.content\"..." type=io.containerd.content.v1
May 17 08:38:44 pop-os containerd[736]: time="2022-05-17T08:38:44.573936746+05:30" level=info msg="loading plugin \"io.containerd.snapshotter.v1.aufs\"..." type=io.containerd.snapshotter.v1
May 17 08:38:44 pop-os containerd[736]: time="2022-05-17T08:38:44.578116597+05:30" level=info msg="skip loading plugin \"io.containerd.snapshotter.v1.aufs\"..." error="aufs is not supported (modprobe aufs failed: exit status 1 \"modprobe: FATAL: Module aufs not found in directory /lib/modules/5.16.15-76051615-generic\\n\"): skip plugin" type=io.containerd.snapshotter.v1
May 17 08:38:44 pop-os containerd[736]: time="2022-05-17T08:38:44.578175436+05:30" level=info msg="loading plugin \"io.containerd.snapshotter.v1.btrfs\"..." type=io.containerd.snapshotter.v1
May 17 08:38:44 pop-os containerd[736]: time="2022-05-17T08:38:44.578425249+05:30" level=info msg="skip loading plugin \"io.containerd.snapshotter.v1.btrfs\"..." error="path /var/lib/containerd/io.containerd.snapshotter.v1.btrfs (ext4) must be a btrfs filesystem to be used with the btrfs snapshotter: skip plugin" type=io.containerd.snapshotter.v1
May 17 08:38:44 pop-os containerd[736]: time="2022-05-17T08:38:44.578447940+05:30" level=info msg="loading plugin \"io.containerd.snapshotter.v1.devmapper\"..." type=io.containerd.snapshotter.v1
May 17 08:38:44 pop-os containerd[736]: time="2022-05-17T08:38:44.580727779+05:30" level=warning msg="failed to load plugin io.containerd.snapshotter.v1.devmapper" error="devmapper not configured"
May 17 08:38:44 pop-os containerd[736]: time="2022-05-17T08:38:44.580769018+05:30" level=info msg="loading plugin \"io.containerd.snapshotter.v1.native\"..." type=io.containerd.snapshotter.v1
May 17 08:38:44 pop-os containerd[736]: time="2022-05-17T08:38:44.582941604+05:30" level=info msg="loading plugin \"io.containerd.snapshotter.v1.overlayfs\"..." type=io.containerd.snapshotter.v1
May 17 08:38:44 pop-os pop-system-updater[813]: #033[32m INFO#033[0m #033[2mpop_system_updater::service::system#033[0m#033[2m:#033[0m DBus connection established
May 17 08:38:44 pop-os pop-system-updater[813]: #033[32m INFO#033[0m #033[2mpop_system_updater::config#033[0m#033[2m:#033[0m loading config: "/etc/pop-system-updater/config.ron"
May 17 08:38:44 pop-os systemd[1]: Started Distribution updater.
May 17 08:38:44 pop-os pop-system-updater[813]: #033[32m INFO#033[0m #033[2mpop_system_updater::service::system#033[0m#033[2m:#033[0m restarting any session services
May 17 08:38:44 pop-os kernel: [    5.727697] audit: type=1400 audit(1652756924.588:32): apparmor="DENIED" operation="capable" profile="/usr/sbin/cups-browsed" pid=814 comm="cups-browsed" capability=23  capname="sys_nice"
May 17 08:38:44 pop-os containerd[736]: time="2022-05-17T08:38:44.597444780+05:30" level=info msg="loading plugin \"io.containerd.snapshotter.v1.zfs\"..." type=io.containerd.snapshotter.v1
May 17 08:38:44 pop-os containerd[736]: time="2022-05-17T08:38:44.601140879+05:30" level=info msg="skip loading plugin \"io.containerd.snapshotter.v1.zfs\"..." error="path /var/lib/containerd/io.containerd.snapshotter.v1.zfs must be a zfs filesystem to be used with the zfs snapshotter: skip plugin" type=io.containerd.snapshotter.v1
May 17 08:38:44 pop-os containerd[736]: time="2022-05-17T08:38:44.601395415+05:30" level=info msg="loading plugin \"io.containerd.metadata.v1.bolt\"..." type=io.containerd.metadata.v1
May 17 08:38:44 pop-os containerd[736]: time="2022-05-17T08:38:44.601563930+05:30" level=warning msg="could not use snapshotter devmapper in metadata plugin" error="devmapper not configured"
May 17 08:38:44 pop-os containerd[736]: time="2022-05-17T08:38:44.601674525+05:30" level=info msg="metadata content store policy set" policy=shared
May 17 08:38:45 pop-os /usr/libexec/gdm-x-session[1034]: (II) Using input driver 'libinput' for 'Power Button'
May 17 08:38:45 pop-os /usr/libexec/gdm-x-session[1034]: (II) systemd-logind: got fd for /dev/input/event0 13:64 fd 22 paused 0
May 17 08:38:45 pop-os /usr/libexec/gdm-x-session[1034]: (**) Power Button: always reports core events
May 17 08:38:45 pop-os /usr/libexec/gdm-x-session[1034]: (**) Option "Device" "/dev/input/event0"
May 17 08:38:45 pop-os /usr/libexec/gdm-x-session[1034]: (II) event0  - Power Button: is tagged by udev as: Keyboard
May 17 08:38:45 pop-os /usr/libexec/gdm-x-session[1034]: (II) event0  - Power Button: device is a keyboard
May 17 08:38:45 pop-os /usr/libexec/gdm-x-session[1034]: (II) event0  - Power Button: device removed
May 17 08:38:45 pop-os /usr/libexec/gdm-x-session[1034]: (**) Option "config_info" "udev:/sys/devices/LNXSYSTM:00/LNXPWRBN:00/input/input0/event0"
May 17 08:38:45 pop-os /usr/libexec/gdm-x-session[1034]: (II) XINPUT: Adding extended input device "Power Button" (type: KEYBOARD, id 6)
May 17 08:38:45 pop-os /usr/libexec/gdm-x-session[1034]: (**) Option "xkb_layout" "us"
May 17 08:38:45 pop-os /usr/libexec/gdm-x-session[1034]: (II) event0  - Power Button: is tagged by udev as: Keyboard
May 17 08:38:45 pop-os /usr/libexec/gdm-x-session[1034]: (II) event0  - Power Button: device is a keyboard
May 17 08:38:45 pop-os /usr/libexec/gdm-x-session[1034]: (II) config/udev: Adding input device QEMU QEMU USB Tablet (/dev/input/event2)
May 17 08:38:45 pop-os /usr/libexec/gdm-x-session[1034]: (**) QEMU QEMU USB Tablet: Applying InputClass "libinput pointer catchall"
May 17 08:38:45 pop-os /usr/libexec/gdm-x-session[1034]: (II) Using input driver 'libinput' for 'QEMU QEMU USB Tablet'
May 17 08:38:45 pop-os /usr/libexec/gdm-x-session[1034]: (II) systemd-logind: got fd for /dev/input/event2 13:66 fd 25 paused 0
May 17 08:38:45 pop-os /usr/libexec/gdm-x-session[1034]: (**) QEMU QEMU USB Tablet: always reports core events
May 17 08:38:45 pop-os /usr/libexec/gdm-x-session[1034]: (**) Option "Device" "/dev/input/event2"
May 17 08:38:45 pop-os /usr/libexec/gdm-x-session[1034]: (II) event2  - QEMU QEMU USB Tablet: is tagged by udev as: Mouse
May 17 08:38:45 pop-os /usr/libexec/gdm-x-session[1034]: (II) event2  - QEMU QEMU USB Tablet: device is a pointer
May 17 08:38:45 pop-os /usr/libexec/gdm-x-session[1034]: (II) event2  - QEMU QEMU USB Tablet: device removed
May 17 08:38:45 pop-os /usr/libexec/gdm-x-session[1034]: (**) Option "config_info" "udev:/sys/devices/pci0000:00/0000:00:02.1/0000:02:00.0/usb1/1-1/1-1:1.0/0003:0627:0001.0001/input/input4/event2"
May 17 08:38:45 pop-os /usr/libexec/gdm-x-session[1034]: (II) XINPUT: Adding extended input device "QEMU QEMU USB Tablet" (type: MOUSE, id 7)
May 17 08:38:45 pop-os /usr/libexec/gdm-x-session[1034]: (**) Option "AccelerationScheme" "none"
